[BOT] заспавнился, позиция: Vec3 { x: 10.5, y: -60, z: -8.5 }
[PARTICLES] получено пакетов частиц: 1
[SOUND] entity.slime.hurt vol=0.800000011920929
[PARTICLES] получено пакетов частиц: 2
[PARTICLES] получено пакетов частиц: 3
[PARTICLES] получено пакетов частиц: 4
[SOUND] entity.slime.hurt vol=1.600000023841858
[PARTICLES] получено пакетов частиц: 5
[SOUND] entity.slime.jump vol=0.800000011920929
[SOUND] entity.slime.jump vol=1.600000023841858
[SOUND] entity.silverfish.step vol=1
[STATE] time=13000 raining=true thunder=1 rain=1 chunks=81
[SOUND] entity.sheep.shear vol=0.15000000596046448
[SOUND] entity.slime.hurt vol=0.800000011920929
[SOUND] entity.sheep.shear vol=0.15000000596046448
[SOUND] entity.slime.hurt vol=1.600000023841858
[STATE] time=13000 raining=true thunder=1 rain=1 chunks=109
[SOUND] entity.slime.jump vol=0.800000011920929
[SOUND] entity.slime.jump vol=1.600000023841858
[SOUND] entity.sheep.shear vol=0.15000000596046448
[SOUND] entity.sheep.shear vol=0.15000000596046448
[STATE] time=13000 raining=true thunder=1 rain=1 chunks=109
[SOUND] entity.sheep.shear vol=0.15000000596046448
[SOUND] block.sculk_vein.step vol=1
[SOUND] entity.slime.hurt vol=1.600000023841858
[SOUND] entity.sheep.shear vol=0.15000000596046448
[SOUND] entity.slime.hurt vol=0.800000011920929
[SOUND] entity.slime.jump vol=1.600000023841858
[PARTICLES] получено пакетов частиц: 50
[SOUND] entity.slime.jump vol=0.800000011920929
[STATE] time=13000 raining=true thunder=1 rain=1 chunks=109
[SOUND] entity.slime.hurt vol=0.800000011920929
[SOUND] entity.slime.hurt vol=1.600000023841858
[SOUND] entity.slime.jump vol=0.800000011920929
[SOUND] entity.silverfish.step vol=1
[SOUND] entity.slime.jump vol=1.600000023841858
[SOUND] entity.slime.hurt vol=0.800000011920929
[STATE] time=13000 raining=true thunder=1 rain=1 chunks=109
[SOUND] entity.slime.jump vol=0.800000011920929
[SOUND] entity.slime.hurt vol=0.800000011920929
[SOUND] entity.slime.hurt vol=1.600000023841858
[SOUND] entity.slime.jump vol=0.800000011920929
[SOUND] entity.slime.jump vol=1.600000023841858
[STATE] time=13000 raining=true thunder=1 rain=1 chunks=109
[SOUND] entity.slime.hurt vol=0.800000011920929
[SOUND] entity.slime.jump vol=0.800000011920929
[SOUND] entity.sheep.shear vol=0.15000000596046448
[SOUND] entity.slime.hurt vol=0.800000011920929
[SOUND] entity.slime.hurt vol=1.600000023841858
[SOUND] entity.slime.jump vol=0.800000011920929
[SOUND] entity.sheep.shear vol=0.15000000596046448
[SOUND] entity.slime.jump vol=1.600000023841858
[STATE] time=13000 raining=true thunder=1 rain=1 chunks=109
[SOUND] entity.slime.hurt vol=0.800000011920929
[SOUND] block.sculk_vein.step vol=1
[SOUND] entity.silverfish.step vol=1
[SOUND] entity.sheep.shear vol=0.15000000596046448
[SOUND] entity.slime.jump vol=0.800000011920929
[PARTICLES] получено пакетов частиц: 100
[SOUND] entity.slime.hurt vol=0.800000011920929
[SOUND] entity.slime.hurt vol=1.600000023841858
[SOUND] entity.slime.jump vol=0.800000011920929
[SOUND] entity.slime.jump vol=1.600000023841858
[STATE] time=13000 raining=true thunder=1 rain=1 chunks=109
[SOUND] entity.slime.hurt vol=0.800000011920929
[SOUND] entity.slime.jump vol=0.800000011920929
[SOUND] entity.slime.hurt vol=0.800000011920929
[SOUND] entity.slime.jump vol=0.800000011920929
[STATE] time=13000 raining=true thunder=1 rain=1 chunks=109
[SOUND] entity.slime.hurt vol=1.600000023841858
[SOUND] entity.slime.hurt vol=0.800000011920929
[SOUND] entity.slime.jump vol=1.600000023841858
[SOUND] entity.slime.jump vol=0.800000011920929
[SOUND] entity.slime.hurt vol=0.800000011920929
[SOUND] entity.sheep.shear vol=0.15000000596046448
[STATE] time=13000 raining=true thunder=1 rain=1 chunks=109
[SOUND] entity.slime.jump vol=0.800000011920929
[SOUND] entity.slime.hurt vol=1.600000023841858
[SOUND] entity.sheep.shear vol=0.15000000596046448
[SOUND] entity.slime.jump vol=1.600000023841858
[SOUND] entity.sheep.shear vol=0.15000000596046448
[SOUND] entity.slime.hurt vol=0.800000011920929
[STATE] time=13000 raining=true thunder=1 rain=1 chunks=109
[SOUND] entity.slime.jump vol=0.800000011920929
[SOUND] entity.silverfish.step vol=1
[SOUND] entity.slime.hurt vol=0.800000011920929
[PARTICLES] получено пакетов частиц: 150
[SOUND] entity.slime.jump vol=0.800000011920929
[SOUND] entity.slime.hurt vol=1.600000023841858
[SOUND] entity.slime.hurt vol=0.800000011920929
[SOUND] entity.slime.jump vol=1.600000023841858
[STATE] time=13000 raining=true thunder=1 rain=1 chunks=109
[SOUND] entity.slime.jump vol=0.800000011920929
[SOUND] entity.slime.hurt vol=0.800000011920929
[SOUND] entity.slime.jump vol=1.600000023841858
[SOUND] entity.slime.jump vol=0.800000011920929
[SOUND] entity.slime.hurt vol=0.800000011920929
[SOUND] entity.slime.hurt vol=1.600000023841858
[STATE] time=13000 raining=true thunder=1 rain=1 chunks=109
[SOUND] entity.slime.jump vol=0.800000011920929
[SOUND] entity.slime.jump vol=1.600000023841858
[SOUND] entity.slime.hurt vol=0.800000011920929
[SOUND] entity.slime.jump vol=0.800000011920929
[SOUND] entity.slime.hurt vol=1.600000023841858
[SOUND] entity.slime.hurt vol=0.800000011920929
[SOUND] entity.silverfish.step vol=1
[SOUND] entity.slime.jump vol=1.600000023841858
[STATE] time=13000 raining=true thunder=1 rain=1 chunks=109
[SOUND] entity.slime.jump vol=0.800000011920929
[SOUND] entity.slime.hurt vol=0.800000011920929
[SOUND] entity.slime.jump vol=0.800000011920929
[SOUND] entity.slime.hurt vol=0.800000011920929
[SOUND] entity.slime.jump vol=1.600000023841858
[STATE] time=13000 raining=true thunder=1 rain=1 chunks=109
[PARTICLES] получено пакетов частиц: 200
[SOUND] entity.slime.jump vol=0.800000011920929
[SOUND] entity.slime.hurt vol=0.800000011920929
[SOUND] entity.slime.hurt vol=1.600000023841858
[SOUND] entity.slime.jump vol=1.600000023841858
[SOUND] entity.slime.jump vol=0.800000011920929
[STATE] time=13000 raining=true thunder=1 rain=1 chunks=109
[SOUND] entity.slime.hurt vol=0.800000011920929
[SOUND] entity.slime.jump vol=0.800000011920929
[SOUND] entity.slime.hurt vol=0.800000011920929
[SOUND] entity.slime.hurt vol=1.600000023841858
[SOUND] entity.slime.jump vol=0.800000011920929
[STATE] time=13000 raining=true thunder=1 rain=1 chunks=109
[SOUND] entity.slime.jump vol=1.600000023841858
[SOUND] entity.slime.hurt vol=0.800000011920929
[SOUND] entity.silverfish.step vol=1
[SOUND] entity.slime.jump vol=0.800000011920929
[STATE] time=13000 raining=true thunder=1 rain=1 chunks=109
[SOUND] entity.slime.hurt vol=0.800000011920929
[SOUND] entity.slime.hurt vol=1.600000023841858
[SOUND] entity.slime.jump vol=0.800000011920929
[SOUND] entity.slime.jump vol=1.600000023841858
[SOUND] entity.slime.jump vol=1.600000023841858
[PARTICLES] получено пакетов частиц: 250
[SOUND] entity.slime.hurt vol=0.800000011920929
[SOUND] entity.slime.hurt vol=1.600000023841858
[STATE] time=13000 raining=true thunder=1 rain=1 chunks=109
[SOUND] block.grass.place vol=0.15000000596046448
[SOUND] entity.slime.jump vol=0.800000011920929
[SOUND] entity.slime.jump vol=1.600000023841858
[SOUND] entity.slime.hurt vol=0.800000011920929
[SOUND] entity.slime.hurt vol=1.600000023841858
[SOUND] entity.slime.jump vol=0.800000011920929
[SOUND] entity.slime.jump vol=1.600000023841858
[STATE] time=13000 raining=true thunder=1 rain=1 chunks=109
[SOUND] entity.slime.hurt vol=0.800000011920929
[SOUND] entity.slime.jump vol=0.800000011920929
[SOUND] entity.silverfish.step vol=1
[SOUND] entity.slime.hurt vol=1.600000023841858
[SOUND] entity.slime.hurt vol=0.800000011920929
[SOUND] entity.slime.jump vol=1.600000023841858
[STATE] time=13000 raining=true thunder=1 rain=1 chunks=109
[SOUND] block.grass.place vol=0.15000000596046448
[SOUND] entity.slime.jump vol=0.800000011920929
[SOUND] entity.slime.hurt vol=1.600000023841858
[SOUND] entity.slime.jump vol=1.600000023841858
[SOUND] entity.slime.hurt vol=0.800000011920929
[SOUND] entity.slime.jump vol=0.800000011920929
[SOUND] entity.slime.hurt vol=1.600000023841858
[STATE] time=13000 raining=true thunder=1 rain=1 chunks=109
[SOUND] entity.slime.hurt vol=1.600000023841858
[SOUND] entity.slime.jump vol=1.600000023841858
[SOUND] entity.slime.hurt vol=0.800000011920929
[SOUND] minecraft:entity.lightning_bolt.thunder vol=0.6514180898666382
[SOUND] entity.slime.jump vol=1.600000023841858
[SOUND] entity.slime.jump vol=0.800000011920929
[PARTICLES] получено пакетов частиц: 300
[SOUND] entity.slime.hurt vol=0.800000011920929
[SOUND] entity.slime.hurt vol=1.600000023841858
[SOUND] entity.slime.jump vol=0.800000011920929
[STATE] time=13000 raining=true thunder=1 rain=1 chunks=109
[SOUND] entity.slime.jump vol=1.600000023841858
[SOUND] entity.slime.hurt vol=0.800000011920929
[SOUND] entity.slime.jump vol=0.800000011920929
[SOUND] entity.slime.hurt vol=1.600000023841858
[SOUND] entity.slime.hurt vol=1.600000023841858
[SOUND] entity.slime.hurt vol=0.800000011920929
[SOUND] entity.silverfish.step vol=1
[STATE] time=13000 raining=true thunder=1 rain=1 chunks=109
[SOUND] entity.slime.jump vol=1.600000023841858
[SOUND] entity.slime.jump vol=0.800000011920929
[SOUND] entity.slime.hurt vol=0.800000011920929
[SOUND] entity.slime.jump vol=0.800000011920929
[SOUND] entity.slime.hurt vol=0.800000011920929
[STATE] time=13000 raining=true thunder=1 rain=1 chunks=109
[SOUND] entity.slime.jump vol=0.800000011920929
[SOUND] entity.slime.hurt vol=1.600000023841858
[SOUND] entity.slime.hurt vol=0.800000011920929
[SOUND] entity.slime.jump vol=1.600000023841858
[SOUND] entity.slime.jump vol=0.800000011920929
[STATE] time=13000 raining=true thunder=1 rain=1 chunks=109
[SOUND] entity.slime.hurt vol=1.600000023841858
[SOUND] entity.slime.hurt vol=0.800000011920929
[PARTICLES] получено пакетов частиц: 350
[SOUND] entity.slime.jump vol=1.600000023841858
[SOUND] entity.slime.jump vol=0.800000011920929
[SOUND] entity.silverfish.step vol=1
[STATE] time=13000 raining=true thunder=1 rain=1 chunks=109
[SOUND] entity.slime.hurt vol=0.800000011920929
[SOUND] entity.slime.hurt vol=1.600000023841858
[SOUND] block.grass.place vol=0.15000000596046448
[SOUND] entity.slime.jump vol=0.800000011920929
[SOUND] entity.slime.jump vol=1.600000023841858
[STATE] time=13000 raining=true thunder=1 rain=1 chunks=109
[SOUND] entity.slime.jump vol=1.600000023841858
[SOUND] entity.slime.hurt vol=0.800000011920929
[SOUND] entity.slime.jump vol=0.800000011920929
[SOUND] entity.slime.hurt vol=0.800000011920929
[STATE] time=13000 raining=true thunder=1 rain=1 chunks=109
[SOUND] entity.slime.hurt vol=1.600000023841858
[SOUND] entity.slime.jump vol=0.800000011920929
[SOUND] entity.sheep.shear vol=0.15000000596046448
[SOUND] entity.slime.jump vol=1.600000023841858
[SOUND] entity.slime.hurt vol=0.800000011920929
[SOUND] entity.silverfish.step vol=1
[SOUND] entity.slime.jump vol=0.800000011920929
[SOUND] entity.slime.jump vol=1.600000023841858
[SOUND] block.sculk_vein.step vol=1
[SOUND] entity.slime.hurt vol=0.800000011920929
[STATE] time=13000 raining=true thunder=1 rain=1 chunks=109
[PARTICLES] получено пакетов частиц: 400
[SOUND] entity.slime.jump vol=0.800000011920929
[SOUND] entity.slime.hurt vol=1.600000023841858
[SOUND] entity.slime.hurt vol=1.600000023841858
[SOUND] entity.slime.hurt vol=0.800000011920929
[SOUND] entity.slime.jump vol=1.600000023841858
[SOUND] entity.slime.jump vol=0.800000011920929
[STATE] time=13000 raining=true thunder=1 rain=1 chunks=109
[SOUND] entity.slime.hurt vol=0.800000011920929
[SOUND] entity.slime.jump vol=0.800000011920929
[SOUND] entity.slime.hurt vol=0.800000011920929
[SOUND] entity.slime.hurt vol=1.600000023841858
[SOUND] entity.slime.jump vol=0.800000011920929
[STATE] time=13000 raining=true thunder=1 rain=1 chunks=109
[SOUND] entity.slime.jump vol=1.600000023841858
[SOUND] entity.slime.hurt vol=0.800000011920929
[SOUND] entity.slime.jump vol=0.800000011920929
[SOUND] entity.silverfish.step vol=1
[STATE] time=13000 raining=true thunder=1 rain=1 chunks=109
[SOUND] entity.slime.hurt vol=0.800000011920929
[SOUND] entity.slime.jump vol=0.800000011920929
[SOUND] entity.slime.hurt vol=1.600000023841858
[SOUND] entity.sheep.shear vol=0.15000000596046448
[SOUND] entity.slime.jump vol=1.600000023841858
[PARTICLES] получено пакетов частиц: 450
[SOUND] entity.slime.hurt vol=0.800000011920929
[SOUND] entity.sheep.shear vol=0.15000000596046448
[STATE] time=13000 raining=true thunder=1 rain=1 chunks=109
[SOUND] entity.slime.jump vol=0.800000011920929
[SOUND] entity.sheep.shear vol=0.15000000596046448
[SOUND] entity.slime.hurt vol=0.800000011920929
[SOUND] entity.slime.hurt vol=1.600000023841858
[SOUND] block.sculk_vein.step vol=1
[SOUND] entity.sheep.shear vol=0.15000000596046448
[SOUND] entity.silverfish.step vol=1
[SOUND] entity.slime.jump vol=0.800000011920929
[SOUND] entity.slime.jump vol=1.600000023841858
[SOUND] block.grass.place vol=0.15000000596046448
[STATE] time=13000 raining=true thunder=1 rain=1 chunks=109
[SOUND] entity.sheep.shear vol=0.15000000596046448
[SOUND] entity.slime.hurt vol=0.800000011920929
[SOUND] entity.slime.hurt vol=1.600000023841858
[SOUND] entity.slime.jump vol=0.800000011920929
[SOUND] entity.slime.jump vol=1.600000023841858
[STATE] time=13000 raining=true thunder=1 rain=1 chunks=109
[SOUND] entity.slime.hurt vol=1.600000023841858
[STATE] time=13000 raining=true thunder=1 rain=1 chunks=109
[SOUND] entity.slime.hurt vol=0.800000011920929
[SOUND] entity.slime.jump vol=1.600000023841858
[SOUND] entity.sheep.shear vol=0.15000000596046448
[SOUND] entity.slime.jump vol=0.800000011920929
[PARTICLES] получено пакетов частиц: 500
[SOUND] entity.sheep.shear vol=0.15000000596046448
[SOUND] entity.slime.hurt vol=0.800000011920929
[SOUND] entity.slime.jump vol=0.800000011920929
[STATE] time=13000 raining=true thunder=1 rain=1 chunks=109
[SOUND] entity.sheep.shear vol=0.15000000596046448
[SOUND] entity.slime.hurt vol=1.600000023841858
[SOUND] entity.sheep.shear vol=0.15000000596046448
[SOUND] entity.slime.hurt vol=0.800000011920929
[SOUND] entity.sheep.shear vol=0.15000000596046448
[SOUND] entity.slime.jump vol=1.600000023841858
[SOUND] entity.silverfish.step vol=1
[SOUND] entity.sheep.shear vol=0.15000000596046448
[SOUND] block.sculk_vein.step vol=1
[SOUND] entity.slime.jump vol=0.800000011920929
[SOUND] entity.sheep.shear vol=0.15000000596046448
[SOUND] block.sculk_vein.step vol=1
[STATE] time=13000 raining=true thunder=1 rain=1 chunks=109
[SOUND] entity.slime.hurt vol=0.800000011920929
[SOUND] entity.sheep.shear vol=0.15000000596046448
[SOUND] entity.slime.jump vol=0.800000011920929
[SOUND] entity.sheep.shear vol=0.15000000596046448
[SOUND] entity.slime.hurt vol=1.600000023841858
[SOUND] entity.slime.hurt vol=0.800000011920929
[SOUND] entity.slime.jump vol=1.600000023841858
[STATE] time=13000 raining=true thunder=1 rain=1 chunks=109
[SOUND] entity.slime.jump vol=0.800000011920929
[SOUND] entity.slime.hurt vol=0.800000011920929
[SOUND] entity.slime.hurt vol=1.600000023841858
[SOUND] entity.slime.jump vol=0.800000011920929
[SOUND] entity.slime.jump vol=1.600000023841858
[SOUND] entity.slime.hurt vol=0.800000011920929
[SOUND] entity.sheep.shear vol=0.15000000596046448
[SOUND] entity.skeleton.shoot vol=0.15000000596046448
[STATE] time=13000 raining=true thunder=1 rain=1 chunks=109
[SOUND] entity.silverfish.step vol=1
[SOUND] entity.slime.jump vol=0.800000011920929
[PARTICLES] получено пакетов частиц: 550
[SOUND] entity.sheep.shear vol=0.15000000596046448
[SOUND] entity.slime.hurt vol=0.800000011920929
[SOUND] entity.slime.jump vol=0.800000011920929
[SOUND] entity.slime.hurt vol=0.800000011920929
[SOUND] entity.sheep.shear vol=0.15000000596046448
[SOUND] entity.slime.hurt vol=1.600000023841858
[STATE] time=13000 raining=true thunder=1 rain=1 chunks=109
[SOUND] entity.slime.jump vol=0.800000011920929
[SOUND] entity.slime.jump vol=1.600000023841858
[SOUND] entity.sheep.shear vol=0.15000000596046448
[SOUND] entity.slime.hurt vol=0.800000011920929
[SOUND] entity.slime.jump vol=0.800000011920929
[SOUND] entity.sheep.shear vol=0.15000000596046448
[SOUND] block.sculk_vein.step vol=1
[SOUND] block.sculk_vein.step vol=1
[SOUND] entity.sheep.shear vol=0.15000000596046448
[STATE] time=13000 raining=true thunder=1 rain=1 chunks=109
[SOUND] entity.slime.hurt vol=0.800000011920929
[SOUND] entity.slime.jump vol=0.800000011920929
[SOUND] entity.sheep.shear vol=0.15000000596046448
[SOUND] entity.slime.hurt vol=1.600000023841858
[SOUND] entity.slime.hurt vol=0.800000011920929
[SOUND] entity.slime.jump vol=1.600000023841858
[SOUND] entity.slime.jump vol=0.800000011920929
[STATE] time=13000 raining=true thunder=1 rain=1 chunks=109
[SOUND] entity.silverfish.step vol=1
[SOUND] entity.slime.hurt vol=1.600000023841858
[SOUND] entity.slime.jump vol=1.600000023841858
[STATE] time=13000 raining=true thunder=1 rain=1 chunks=109
[PARTICLES] получено пакетов частиц: 600
[SOUND] entity.slime.hurt vol=0.800000011920929
[SOUND] entity.slime.jump vol=0.800000011920929
[SOUND] entity.slime.hurt vol=1.600000023841858
[SOUND] entity.sheep.shear vol=0.15000000596046448
[SOUND] entity.slime.jump vol=1.600000023841858
[STATE] time=13000 raining=true thunder=1 rain=1 chunks=109
[SOUND] entity.skeleton.shoot vol=0.15000000596046448
[SOUND] entity.sheep.shear vol=0.15000000596046448
[SOUND] entity.skeleton.shoot vol=0.15000000596046448
[SOUND] block.sculk_vein.step vol=1
[SOUND] entity.slime.hurt vol=0.800000011920929
[SOUND] entity.slime.jump vol=1.600000023841858
[SOUND] entity.sheep.shear vol=0.15000000596046448
[SOUND] entity.skeleton.shoot vol=0.15000000596046448
[SOUND] entity.slime.jump vol=0.800000011920929
[STATE] time=13000 raining=true thunder=1 rain=1 chunks=109
[SOUND] entity.sheep.shear vol=0.15000000596046448
[SOUND] entity.sheep.shear vol=0.15000000596046448
[SOUND] block.sculk_vein.step vol=1
[SOUND] entity.slime.hurt vol=1.600000023841858
[SOUND] entity.sheep.shear vol=0.15000000596046448
[SOUND] entity.slime.jump vol=1.600000023841858
[SOUND] entity.silverfish.step vol=1
[SOUND] entity.sheep.shear vol=0.15000000596046448
[STATE] time=13000 raining=true thunder=1 rain=1 chunks=109
[SOUND] entity.slime.hurt vol=1.600000023841858
[SOUND] entity.sheep.shear vol=0.15000000596046448
[SOUND] entity.sheep.shear vol=0.15000000596046448
[SOUND] entity.slime.hurt vol=0.800000011920929
[SOUND] entity.slime.jump vol=1.600000023841858
[SOUND] entity.slime.hurt vol=1.600000023841858
[SOUND] entity.slime.jump vol=0.800000011920929
[SOUND] entity.sheep.shear vol=0.15000000596046448
[SOUND] entity.slime.jump vol=1.600000023841858
[PARTICLES] получено пакетов частиц: 650
[SOUND] entity.slime.jump vol=1.600000023841858
[SOUND] entity.slime.hurt vol=0.800000011920929
[STATE] time=13000 raining=true thunder=1 rain=1 chunks=109
[SOUND] entity.sheep.shear vol=0.15000000596046448
[SOUND] entity.slime.jump vol=0.800000011920929
[SOUND] entity.sheep.shear vol=0.15000000596046448
[SOUND] entity.slime.hurt vol=0.800000011920929
[SOUND] entity.sheep.shear vol=0.15000000596046448
[SOUND] entity.slime.hurt vol=1.600000023841858
[SOUND] entity.slime.jump vol=0.800000011920929
[SOUND] entity.sheep.shear vol=0.15000000596046448
[SOUND] entity.slime.jump vol=1.600000023841858
[SOUND] entity.sheep.shear vol=0.15000000596046448
[STATE] time=13000 raining=true thunder=1 rain=1 chunks=109
[SOUND] entity.slime.hurt vol=0.800000011920929
[SOUND] entity.silverfish.step vol=1
[SOUND] entity.sheep.shear vol=0.15000000596046448
[SOUND] entity.slime.hurt vol=1.600000023841858
[SOUND] entity.sheep.shear vol=0.15000000596046448
[SOUND] entity.slime.jump vol=0.800000011920929
[SOUND] entity.slime.jump vol=1.600000023841858
[SOUND] entity.slime.hurt vol=0.800000011920929
[SOUND] block.sculk_vein.step vol=1
[SOUND] entity.sheep.shear vol=0.15000000596046448
[SOUND] entity.slime.jump vol=0.800000011920929
[SOUND] entity.slime.hurt vol=1.600000023841858
[SOUND] entity.slime.hurt vol=1.600000023841858
[STATE] time=13000 raining=true thunder=1 rain=1 chunks=109
[SOUND] entity.slime.hurt vol=0.800000011920929
[SOUND] entity.slime.jump vol=1.600000023841858
[SOUND] entity.slime.jump vol=1.600000023841858
[SOUND] entity.slime.jump vol=0.800000011920929
[SOUND] entity.slime.hurt vol=0.800000011920929
[SOUND] entity.slime.jump vol=0.800000011920929
[SOUND] minecraft:entity.lightning_bolt.thunder vol=0.6176118850708008
[SOUND] entity.slime.hurt vol=1.600000023841858
[SOUND] entity.slime.hurt vol=0.800000011920929
[STATE] time=13000 raining=true thunder=1 rain=1 chunks=109
[SOUND] entity.slime.hurt vol=1.600000023841858
[SOUND] entity.slime.jump vol=1.600000023841858
[SOUND] entity.slime.jump vol=0.800000011920929
[SOUND] entity.slime.hurt vol=0.800000011920929
[PARTICLES] получено пакетов частиц: 700
[SOUND] entity.slime.jump vol=0.800000011920929
[SOUND] entity.slime.hurt vol=1.600000023841858
[SOUND] entity.slime.hurt vol=0.800000011920929
[SOUND] entity.silverfish.step vol=1
[STATE] time=13000 raining=true thunder=1 rain=1 chunks=109
[SOUND] entity.slime.jump vol=1.600000023841858
[SOUND] entity.slime.jump vol=0.800000011920929
[SOUND] entity.slime.hurt vol=0.800000011920929
[SOUND] entity.slime.jump vol=0.800000011920929
[SOUND] entity.slime.jump vol=1.600000023841858
[SOUND] entity.slime.hurt vol=1.600000023841858
[STATE] time=13000 raining=true thunder=1 rain=1 chunks=109
[SOUND] block.sculk_vein.step vol=1
[SOUND] entity.slime.hurt vol=0.800000011920929
[SOUND] entity.slime.jump vol=1.600000023841858
[SOUND] entity.slime.jump vol=0.800000011920929
[SOUND] entity.slime.hurt vol=0.800000011920929
[STATE] time=13000 raining=true thunder=1 rain=1 chunks=109
[SOUND] entity.slime.hurt vol=1.600000023841858
[SOUND] entity.slime.jump vol=0.800000011920929
[SOUND] entity.slime.hurt vol=1.600000023841858
[SOUND] entity.slime.jump vol=1.600000023841858
[SOUND] entity.silverfish.step vol=1
[SOUND] entity.slime.jump vol=1.600000023841858
[SOUND] entity.slime.hurt vol=0.800000011920929
[SOUND] entity.slime.jump vol=0.800000011920929
[STATE] time=13000 raining=true thunder=1 rain=1 chunks=109
[SOUND] entity.slime.hurt vol=1.600000023841858
[PARTICLES] получено пакетов частиц: 750
[SOUND] entity.slime.hurt vol=0.800000011920929
[SOUND] entity.slime.jump vol=1.600000023841858
[SOUND] entity.slime.hurt vol=1.600000023841858
[SOUND] entity.slime.jump vol=0.800000011920929
[SOUND] entity.slime.hurt vol=0.800000011920929
[SOUND] entity.sheep.shear vol=0.15000000596046448
[STATE] time=13000 raining=true thunder=1 rain=1 chunks=109
[SOUND] entity.slime.hurt vol=1.600000023841858
[SOUND] entity.slime.jump vol=0.800000011920929
[SOUND] entity.sheep.shear vol=0.15000000596046448
[SOUND] entity.slime.jump vol=1.600000023841858
[SOUND] entity.slime.hurt vol=0.800000011920929
[SOUND] entity.slime.jump vol=1.600000023841858
[SOUND] entity.skeleton.shoot vol=0.15000000596046448
[SOUND] entity.slime.jump vol=0.800000011920929
[STATE] time=13000 raining=true thunder=1 rain=1 chunks=109
[SOUND] entity.slime.hurt vol=1.600000023841858
[SOUND] entity.silverfish.step vol=1
[SOUND] entity.skeleton.shoot vol=0.15000000596046448
[SOUND] entity.slime.jump vol=1.600000023841858
[SOUND] entity.slime.hurt vol=0.800000011920929
[SOUND] entity.skeleton.shoot vol=0.15000000596046448
[SOUND] entity.slime.jump vol=0.800000011920929
[STATE] time=13102 raining=false thunder=0 rain=0 chunks=109
[SOUND] entity.slime.hurt vol=0.800000011920929
[SOUND] entity.slime.hurt vol=1.600000023841858
[SOUND] entity.slime.jump vol=0.800000011920929
[SOUND] entity.slime.jump vol=1.600000023841858
[SOUND] entity.slime.jump vol=1.600000023841858
[SOUND] entity.slime.hurt vol=0.800000011920929
[STATE] time=13142 raining=false thunder=0 rain=0 chunks=109
[SOUND] entity.slime.jump vol=0.800000011920929
[SOUND] entity.slime.hurt vol=0.800000011920929
[SOUND] entity.slime.jump vol=0.800000011920929
[SOUND] entity.slime.hurt vol=1.600000023841858
[STATE] time=13182 raining=false thunder=0 rain=0 chunks=109
[SOUND] entity.slime.hurt vol=0.800000011920929
[SOUND] entity.slime.jump vol=1.600000023841858
[SOUND] entity.silverfish.step vol=1
[SOUND] entity.slime.jump vol=0.800000011920929
[SOUND] entity.skeleton.shoot vol=0.15000000596046448
[SOUND] entity.slime.hurt vol=0.800000011920929
[SOUND] entity.slime.jump vol=0.800000011920929
[SOUND] entity.slime.hurt vol=0.800000011920929
[STATE] time=13222 raining=false thunder=0 rain=0 chunks=109
[SOUND] entity.slime.hurt vol=1.600000023841858
[SOUND] entity.slime.jump vol=0.800000011920929
[SOUND] entity.slime.jump vol=1.600000023841858
[SOUND] entity.slime.hurt vol=0.800000011920929
[SOUND] entity.slime.jump vol=0.800000011920929
[STATE] time=13262 raining=false thunder=0 rain=0 chunks=109
[SOUND] entity.slime.jump vol=1.600000023841858
[SOUND] entity.slime.hurt vol=1.600000023841858
[SOUND] entity.slime.jump vol=1.600000023841858
[STATE] time=13302 raining=false thunder=0 rain=0 chunks=109
[SOUND] entity.slime.hurt vol=0.800000011920929
[SOUND] entity.slime.hurt vol=1.600000023841858
[SOUND] entity.slime.jump vol=0.800000011920929
[SOUND] entity.silverfish.step vol=1
[SOUND] entity.slime.jump vol=1.600000023841858
[STATE] time=13342 raining=false thunder=0 rain=0 chunks=109
[SOUND] entity.skeleton.shoot vol=0.15000000596046448
[SOUND] entity.zombified_piglin.hurt vol=0.15000000596046448
[SOUND] entity.slime.hurt vol=0.800000011920929
[SOUND] entity.skeleton.shoot vol=0.15000000596046448
[SOUND] entity.zombified_piglin.hurt vol=0.15000000596046448
[SOUND] block.grass.place vol=0.15000000596046448
[SOUND] entity.slime.jump vol=0.800000011920929
[SOUND] entity.slime.hurt vol=1.600000023841858
[SOUND] entity.slime.hurt vol=1.600000023841858
[SOUND] entity.zombified_piglin.hurt vol=0.15000000596046448
[STATE] time=13382 raining=false thunder=0 rain=0 chunks=109
[SOUND] entity.slime.jump vol=1.600000023841858
[SOUND] entity.slime.hurt vol=0.800000011920929
[SOUND] entity.slime.jump vol=1.600000023841858
[SOUND] entity.zombified_piglin.hurt vol=0.15000000596046448
[SOUND] entity.slime.jump vol=0.800000011920929
[SOUND] entity.zoglin.step vol=1
[SOUND] entity.zombified_piglin.hurt vol=0.15000000596046448
[SOUND] entity.slime.hurt vol=0.800000011920929
[SOUND] entity.slime.hurt vol=1.600000023841858
[STATE] time=13422 raining=false thunder=0 rain=0 chunks=109
[SOUND] entity.slime.hurt vol=1.600000023841858
[SOUND] entity.zombified_piglin.hurt vol=0.15000000596046448
[SOUND] entity.slime.jump vol=0.800000011920929
[SOUND] entity.slime.jump vol=1.600000023841858
[SOUND] entity.slime.hurt vol=0.800000011920929
[SOUND] entity.slime.jump vol=1.600000023841858
[SOUND] entity.zombified_piglin.hurt vol=0.15000000596046448
[SOUND] entity.slime.jump vol=0.800000011920929
[SOUND] entity.slime.hurt vol=0.800000011920929
[SOUND] entity.silverfish.step vol=1
[SOUND] entity.zombified_piglin.hurt vol=0.15000000596046448
[SOUND] entity.slime.hurt vol=1.600000023841858
[SOUND] entity.slime.jump vol=0.800000011920929
[STATE] time=13462 raining=false thunder=0 rain=0 chunks=109
[SOUND] entity.zombified_piglin.hurt vol=0.15000000596046448
[SOUND] entity.slime.hurt vol=0.800000011920929
[SOUND] entity.slime.jump vol=1.600000023841858
[SOUND] entity.slime.hurt vol=1.600000023841858
[SOUND] entity.slime.jump vol=0.800000011920929
[SOUND] entity.zombified_piglin.hurt vol=0.15000000596046448
[SOUND] entity.slime.jump vol=1.600000023841858
[SOUND] entity.slime.hurt vol=0.800000011920929
[SOUND] entity.slime.jump vol=0.800000011920929
[STATE] time=13502 raining=false thunder=0 rain=0 chunks=109
[SOUND] entity.zombified_piglin.hurt vol=0.15000000596046448
[SOUND] entity.skeleton.shoot vol=0.15000000596046448
[SOUND] entity.slime.hurt vol=1.600000023841858
[SOUND] entity.slime.hurt vol=0.800000011920929
[SOUND] entity.zoglin.step vol=1
[SOUND] entity.skeleton.hurt vol=1
[SOUND] entity.zombified_piglin.hurt vol=0.15000000596046448
[SOUND] entity.slime.jump vol=0.800000011920929
[SOUND] entity.slime.hurt vol=1.600000023841858
[SOUND] entity.armor_stand.place vol=1
[SOUND] entity.slime.jump vol=1.600000023841858
[SOUND] entity.skeleton.shoot vol=0.15000000596046448
[SOUND] entity.slime.hurt vol=0.800000011920929
[STATE] time=13542 raining=false thunder=0 rain=0 chunks=109
[SOUND] entity.slime.jump vol=1.600000023841858
[SOUND] entity.zombified_piglin.hurt vol=0.15000000596046448
[SOUND] entity.slime.jump vol=0.800000011920929
[SOUND] entity.skeleton.shoot vol=0.15000000596046448
[SOUND] entity.slime.hurt vol=0.800000011920929
[SOUND] entity.silverfish.step vol=1
[SOUND] entity.slime.jump vol=0.800000011920929
[SOUND] entity.zombified_piglin.hurt vol=0.15000000596046448
[SOUND] entity.skeleton.shoot vol=0.15000000596046448
[SOUND] entity.slime.hurt vol=1.600000023841858
[STATE] time=13582 raining=false thunder=0 rain=0 chunks=109
[SOUND] entity.slime.jump vol=1.600000023841858
[SOUND] entity.slime.hurt vol=0.800000011920929
[SOUND] entity.skeleton.hurt vol=1
[SOUND] entity.zombified_piglin.hurt vol=0.15000000596046448
[SOUND] entity.slime.hurt vol=1.600000023841858
[SOUND] entity.zombie_horse.hurt vol=1
[SOUND] entity.armor_stand.place vol=1
[SOUND] entity.skeleton.shoot vol=0.15000000596046448
[SOUND] entity.slime.jump vol=0.800000011920929
[SOUND] entity.slime.jump vol=1.600000023841858
[SOUND] entity.zombified_piglin.hurt vol=0.15000000596046448
[SOUND] entity.slime.hurt vol=0.800000011920929
[STATE] time=13622 raining=false thunder=0 rain=0 chunks=109
[SOUND] entity.zombified_piglin.hurt vol=0.15000000596046448
[SOUND] entity.slime.jump vol=0.800000011920929
[SOUND] entity.slime.hurt vol=1.600000023841858
[SOUND] entity.zombified_piglin.hurt vol=0.15000000596046448
[SOUND] entity.slime.hurt vol=1.600000023841858
[SOUND] entity.slime.jump vol=1.600000023841858
[SOUND] entity.slime.hurt vol=0.800000011920929
[SOUND] entity.zombified_piglin.hurt vol=0.15000000596046448
[SOUND] entity.skeleton.converted_to_stray vol=1
[SOUND] entity.slime.jump vol=1.600000023841858
[SOUND] entity.slime.jump vol=0.800000011920929
[SOUND] entity.slime.hurt vol=0.800000011920929
[SOUND] entity.zombified_piglin.hurt vol=0.15000000596046448
[STATE] time=13662 raining=false thunder=0 rain=0 chunks=109
[SOUND] entity.slime.hurt vol=1.600000023841858
[SOUND] entity.slime.jump vol=0.800000011920929
[SOUND] entity.zombified_piglin.hurt vol=0.15000000596046448
[SOUND] entity.zombified_piglin.hurt vol=0.15000000596046448
[SOUND] entity.zombified_piglin.hurt vol=0.15000000596046448
[SOUND] entity.zoglin.step vol=1
[STATE] time=13702 raining=false thunder=0 rain=0 chunks=109
[SOUND] entity.slime.hurt vol=1.600000023841858
[SOUND] entity.slime.hurt vol=0.800000011920929
[SOUND] entity.slime.jump vol=1.600000023841858
[SOUND] entity.slime.jump vol=0.800000011920929
[SOUND] entity.zombified_piglin.hurt vol=0.15000000596046448
[SOUND] entity.slime.hurt vol=0.800000011920929
[SOUND] entity.slime.hurt vol=1.600000023841858
[SOUND] entity.slime.jump vol=0.800000011920929
[STATE] time=13742 raining=false thunder=0 rain=0 chunks=109
[SOUND] entity.slime.jump vol=1.600000023841858
[SOUND] entity.slime.hurt vol=0.800000011920929
[SOUND] entity.slime.jump vol=0.800000011920929
[SOUND] entity.zombified_piglin.hurt vol=0.15000000596046448
[STATE] time=13782 raining=false thunder=0 rain=0 chunks=109
[SOUND] entity.slime.hurt vol=0.800000011920929
[SOUND] entity.zombified_piglin.hurt vol=0.15000000596046448
[SOUND] entity.slime.hurt vol=1.600000023841858
[SOUND] entity.slime.jump vol=0.800000011920929
[SOUND] entity.slime.jump vol=1.600000023841858
[SOUND] entity.zombified_piglin.hurt vol=0.15000000596046448
[SOUND] entity.zombified_piglin.hurt vol=0.15000000596046448
[SOUND] entity.slime.hurt vol=0.800000011920929
[SOUND] entity.slime.hurt vol=0.800000011920929
[SOUND] entity.slime.hurt_small vol=0.4000000059604645
[SOUND] entity.slime.hurt_small vol=0.4000000059604645
[SOUND] entity.slime.jump vol=0.800000011920929
[SOUND] entity.zombified_piglin.hurt vol=0.15000000596046448
[SOUND] entity.zoglin.step vol=1
[SOUND] entity.slime.jump vol=0.800000011920929
[SOUND] entity.slime.jump_small vol=0.4000000059604645
[SOUND] entity.slime.jump_small vol=0.4000000059604645
[SOUND] entity.slime.hurt_small vol=0.4000000059604645
[STATE] time=13822 raining=false thunder=0 rain=0 chunks=41
[SOUND] entity.slime.hurt vol=0.800000011920929
[SOUND] entity.zombified_piglin.hurt vol=0.15000000596046448
[SOUND] entity.slime.jump_small vol=0.4000000059604645
[SOUND] entity.slime.hurt_small vol=0.4000000059604645
[SOUND] entity.zoglin.step vol=1
[SOUND] block.grass.place vol=0.15000000596046448
[SOUND] entity.slime.jump vol=0.800000011920929
[SOUND] entity.slime.hurt vol=1.600000023841858
[SOUND] entity.slime.hurt vol=1.600000023841858
[SOUND] entity.zombified_piglin.hurt vol=0.15000000596046448
[SOUND] entity.slime.jump_small vol=0.4000000059604645
[SOUND] entity.slime.hurt_small vol=0.4000000059604645
[SOUND] entity.zombified_piglin.hurt vol=0.15000000596046448
[SOUND] entity.slime.hurt vol=0.800000011920929
[SOUND] entity.slime.jump vol=1.600000023841858
[SOUND] block.grass.place vol=0.15000000596046448
[SOUND] entity.slime.jump vol=1.600000023841858
[SOUND] entity.slime.jump_small vol=0.4000000059604645
[SOUND] entity.zombified_piglin.hurt vol=0.15000000596046448
[SOUND] entity.slime.jump vol=0.800000011920929
[SOUND] entity.slime.hurt_small vol=0.4000000059604645
[SOUND] entity.zombified_piglin.hurt vol=0.15000000596046448
[SOUND] entity.slime.hurt vol=1.600000023841858
[STATE] time=13862 raining=false thunder=0 rain=0 chunks=109
[SOUND] entity.slime.hurt vol=0.800000011920929
[SOUND] entity.slime.hurt_small vol=0.4000000059604645
[SOUND] block.grass.place vol=0.15000000596046448
[SOUND] entity.slime.hurt vol=0.800000011920929
[SOUND] entity.sheep.shear vol=0.15000000596046448
[SOUND] entity.slime.hurt_small vol=0.4000000059604645
[SOUND] block.stone_pressure_plate.click_on vol=0.15000000596046448
[SOUND] entity.slime.jump_small vol=0.4000000059604645
[SOUND] entity.slime.jump_small vol=0.4000000059604645
[SOUND] block.grass.place vol=0.15000000596046448
[SOUND] entity.slime.jump vol=1.600000023841858
[SOUND] entity.zombified_piglin.hurt vol=0.15000000596046448
[SOUND] entity.slime.jump vol=0.800000011920929
[SOUND] entity.zombified_piglin.hurt vol=0.15000000596046448
[SOUND] entity.slime.jump_small vol=0.4000000059604645
[SOUND] entity.slime.jump vol=0.800000011920929
[SOUND] entity.sheep.shear vol=0.15000000596046448
[SOUND] entity.slime.hurt vol=1.600000023841858
[SOUND] entity.slime.hurt vol=0.800000011920929
[SOUND] entity.slime.hurt_small vol=0.4000000059604645
[SOUND] entity.zombified_piglin.hurt vol=0.15000000596046448
[SOUND] entity.slime.hurt vol=0.800000011920929
[SOUND] entity.sheep.shear vol=0.15000000596046448
[SOUND] entity.slime.hurt_small vol=0.4000000059604645
[SOUND] entity.slime.jump vol=0.800000011920929
[SOUND] entity.slime.death vol=1.600000023841858
[SOUND] entity.generic.hurt vol=1
[SOUND] block.stone_button.click_on vol=0.5
[SOUND] block.stone_pressure_plate.click_on vol=0.15000000596046448
[SOUND] entity.slime.jump vol=1.600000023841858
[SOUND] entity.zombified_piglin.hurt vol=0.15000000596046448
[SOUND] entity.slime.jump_small vol=0.4000000059604645
[STATE] time=13902 raining=false thunder=0 rain=0 chunks=109
[SOUND] block.grass.place vol=0.15000000596046448
[SOUND] entity.slime.jump vol=0.800000011920929
[SOUND] entity.slime.hurt_small vol=0.4000000059604645
[SOUND] entity.slime.hurt vol=1.600000023841858
[SOUND] entity.slime.jump_small vol=0.4000000059604645
[SOUND] entity.slime.hurt vol=1.600000023841858
[SOUND] block.grass.place vol=0.15000000596046448
[SOUND] entity.sheep.shear vol=0.15000000596046448
[SOUND] entity.slime.hurt vol=0.800000011920929
[SOUND] entity.slime.hurt_small vol=0.4000000059604645
[SOUND] entity.slime.jump vol=1.600000023841858
[SOUND] block.stone_pressure_plate.click_on vol=0.15000000596046448
[SOUND] entity.slime.jump_small vol=0.4000000059604645
[SOUND] entity.slime.hurt vol=0.800000011920929
[SOUND] entity.zombified_piglin.hurt vol=0.15000000596046448
[SOUND] block.grass.place vol=0.15000000596046448
[SOUND] entity.slime.jump vol=1.600000023841858
[SOUND] entity.slime.hurt_small vol=0.4000000059604645
[SOUND] entity.zombified_piglin.hurt vol=0.15000000596046448
[SOUND] entity.slime.jump vol=0.800000011920929
[SOUND] block.stone_pressure_plate.click_on vol=0.15000000596046448
[SOUND] entity.slime.jump_small vol=0.4000000059604645
[SOUND] entity.sheep.shear vol=0.15000000596046448
[SOUND] block.grass.place vol=0.15000000596046448
[SOUND] entity.slime.jump vol=0.800000011920929
[SOUND] entity.slime.hurt vol=1.600000023841858
[SOUND] entity.zoglin.step vol=1
[SOUND] entity.zombified_piglin.hurt vol=0.15000000596046448
[SOUND] entity.slime.jump_small vol=0.4000000059604645
[SOUND] entity.zombified_piglin.hurt vol=0.15000000596046448
[SOUND] entity.slime.hurt vol=1.600000023841858
[SOUND] entity.zombified_piglin.hurt vol=0.15000000596046448
[SOUND] entity.slime.jump vol=1.600000023841858
[SOUND] entity.sheep.shear vol=0.15000000596046448
[SOUND] entity.slime.hurt vol=0.800000011920929
[SOUND] entity.zoglin.step vol=1
[STATE] time=13942 raining=false thunder=0 rain=0 chunks=109
[SOUND] entity.slime.hurt vol=0.800000011920929
[SOUND] block.sculk_vein.step vol=1
[SOUND] entity.zombified_piglin.hurt vol=0.15000000596046448
[SOUND] entity.slime.hurt_small vol=0.4000000059604645
[SOUND] block.grass.place vol=0.15000000596046448
[SOUND] entity.slime.jump vol=1.600000023841858
[SOUND] entity.slime.hurt_small vol=0.4000000059604645
[SOUND] entity.slime.jump_small vol=0.4000000059604645
[SOUND] entity.zombified_piglin.hurt vol=0.15000000596046448
[SOUND] entity.zombified_piglin.hurt vol=0.15000000596046448
[SOUND] block.grass.place vol=0.15000000596046448
[SOUND] entity.slime.jump vol=0.800000011920929
[SOUND] entity.zombified_piglin.hurt vol=0.15000000596046448
[SOUND] entity.slime.hurt vol=1.600000023841858
[SOUND] entity.slime.jump_small vol=0.4000000059604645
[SOUND] entity.slime.hurt_small vol=0.4000000059604645
[SOUND] entity.slime.jump vol=0.800000011920929
[SOUND] entity.slime.hurt vol=1.600000023841858
[SOUND] entity.slime.hurt_small vol=0.4000000059604645
[SOUND] entity.slime.jump_small vol=0.4000000059604645
[SOUND] entity.zombified_piglin.hurt vol=0.15000000596046448
[SOUND] entity.slime.hurt vol=0.800000011920929
[SOUND] entity.slime.hurt vol=0.800000011920929
[SOUND] entity.slime.jump vol=1.600000023841858
[SOUND] block.stone_pressure_plate.click_on vol=0.15000000596046448
[SOUND] entity.slime.jump_small vol=0.4000000059604645
[SOUND] entity.slime.jump vol=1.600000023841858
[SOUND] entity.zombified_piglin.hurt vol=0.15000000596046448
[SOUND] entity.sheep.shear vol=0.15000000596046448
[SOUND] entity.zombified_piglin.hurt vol=0.15000000596046448
[SOUND] block.stone_pressure_plate.click_on vol=0.15000000596046448
[SOUND] entity.slime.jump_small vol=0.4000000059604645
[SOUND] entity.slime.hurt_small vol=0.4000000059604645
[SOUND] entity.zoglin.step vol=1
[SOUND] entity.slime.jump vol=0.800000011920929
[SOUND] entity.slime.hurt vol=1.600000023841858
[SOUND] entity.zombified_piglin.hurt vol=0.15000000596046448
[SOUND] block.grass.place vol=0.15000000596046448
[SOUND] entity.slime.jump vol=0.800000011920929
[SOUND] entity.slime.hurt vol=1.600000023841858
[SOUND] entity.slime.jump_small vol=0.4000000059604645
[SOUND] entity.sheep.shear vol=0.15000000596046448
[STATE] time=13982 raining=false thunder=0 rain=0 chunks=109
[SOUND] entity.zombified_piglin.hurt vol=0.15000000596046448
[SOUND] block.grass.place vol=0.15000000596046448
[SOUND] entity.slime.jump vol=1.600000023841858
[SOUND] entity.zombified_piglin.hurt vol=0.15000000596046448
[SOUND] entity.slime.hurt vol=0.800000011920929
[SOUND] block.grass.place vol=0.15000000596046448
[SOUND] entity.slime.jump vol=1.600000023841858
[SOUND] entity.slime.hurt_small vol=0.4000000059604645
[SOUND] entity.skeleton.step vol=1
[SOUND] entity.zombified_piglin.hurt vol=0.15000000596046448
[SOUND] entity.slime.hurt vol=0.800000011920929
[SOUND] entity.zombified_piglin.hurt vol=0.15000000596046448
[SOUND] entity.sheep.shear vol=0.15000000596046448
[SOUND] entity.zombified_piglin.hurt vol=0.15000000596046448
[SOUND] entity.slime.jump vol=0.800000011920929
[SOUND] entity.slime.hurt vol=1.600000023841858
[SOUND] entity.slime.jump_small vol=0.4000000059604645
[SOUND] block.grass.place vol=0.15000000596046448
[SOUND] entity.slime.jump vol=0.800000011920929
[SOUND] entity.slime.hurt vol=1.600000023841858
[SOUND] entity.slime.hurt_small vol=0.4000000059604645
[SOUND] entity.zombified_piglin.hurt vol=0.15000000596046448
[SOUND] entity.zombified_piglin.hurt vol=0.15000000596046448
[SOUND] entity.slime.hurt_small vol=0.4000000059604645
[SOUND] entity.slime.jump vol=1.600000023841858
[SOUND] entity.sheep.shear vol=0.15000000596046448
[SOUND] entity.zombified_piglin.hurt vol=0.15000000596046448
[SOUND] entity.slime.hurt_small vol=0.4000000059604645
[SOUND] entity.slime.jump vol=1.600000023841858
[SOUND] entity.slime.jump_small vol=0.4000000059604645
[SOUND] entity.slime.hurt_small vol=0.4000000059604645
[SOUND] entity.slime.hurt vol=0.800000011920929
[SOUND] entity.slime.hurt vol=1.600000023841858
[SOUND] entity.zombified_piglin.hurt vol=0.15000000596046448
[SOUND] entity.slime.hurt vol=1.600000023841858
[STATE] time=14024 raining=false thunder=0 rain=0 chunks=2
[SOUND] entity.zombified_piglin.hurt vol=0.15000000596046448
[SOUND] block.grass.place vol=0.15000000596046448
[SOUND] entity.slime.jump vol=0.800000011920929
[SOUND] entity.slime.jump vol=1.600000023841858
[SOUND] entity.slime.jump vol=1.600000023841858
[SOUND] entity.slime.hurt vol=0.800000011920929
[SOUND] entity.zombified_piglin.hurt vol=0.15000000596046448
[SOUND] entity.zoglin.step vol=1
[SOUND] entity.zombified_piglin.hurt vol=0.15000000596046448
[SOUND] block.grass.place vol=0.15000000596046448
[SOUND] entity.slime.jump vol=0.800000011920929
[SOUND] entity.slime.hurt vol=0.800000011920929
[SOUND] entity.zombified_piglin.hurt vol=0.15000000596046448
[SOUND] entity.zombified_piglin.hurt vol=0.15000000596046448
[SOUND] entity.zombified_piglin.hurt vol=0.15000000596046448
[SOUND] block.grass.place vol=0.15000000596046448
[SOUND] entity.slime.jump vol=0.800000011920929
[SOUND] entity.zoglin.step vol=1
[STATE] time=14062 raining=false thunder=0 rain=0 chunks=105
[SOUND] entity.slime.hurt vol=0.800000011920929
[SOUND] entity.zombified_piglin.hurt vol=0.15000000596046448
[SOUND] entity.zombified_piglin.hurt vol=0.15000000596046448
[SOUND] entity.zombified_piglin.hurt vol=0.15000000596046448
[SOUND] entity.zombified_piglin.hurt vol=0.15000000596046448
[SOUND] entity.slime.jump vol=0.800000011920929
[SOUND] entity.slime.hurt vol=1.600000023841858
[SOUND] entity.zombified_piglin.hurt vol=0.15000000596046448
[SOUND] entity.zombified_piglin.hurt vol=0.15000000596046448
[SOUND] entity.zoglin.step vol=1
[SOUND] entity.slime.hurt vol=1.600000023841858
[SOUND] entity.slime.hurt vol=0.800000011920929
[SOUND] entity.slime.jump vol=1.600000023841858
[SOUND] entity.zombified_piglin.hurt vol=0.15000000596046448
[SOUND] entity.slime.jump vol=1.600000023841858
[SOUND] entity.zombified_piglin.hurt vol=0.15000000596046448
[SOUND] block.grass.place vol=0.15000000596046448
[SOUND] entity.slime.jump vol=0.800000011920929
[SOUND] block.sculk_vein.step vol=1
[SOUND] block.grass.place vol=0.15000000596046448
[SOUND] entity.zombified_piglin.hurt vol=0.15000000596046448
[SOUND] entity.zombified_piglin.hurt vol=0.15000000596046448
[STATE] time=14102 raining=false thunder=0 rain=0 chunks=109
[SOUND] entity.slime.hurt vol=1.600000023841858
[SOUND] entity.zombified_piglin.hurt vol=0.15000000596046448
[SOUND] entity.slime.hurt vol=0.800000011920929
[SOUND] entity.zombified_piglin.hurt vol=0.15000000596046448
[SOUND] entity.zombified_piglin.hurt vol=0.15000000596046448
[SOUND] entity.slime.hurt vol=0.800000011920929
[SOUND] block.grass.place vol=0.15000000596046448
[SOUND] entity.slime.jump vol=1.600000023841858
[SOUND] block.grass.place vol=0.15000000596046448
[SOUND] entity.slime.jump vol=0.800000011920929
[SOUND] entity.slime.jump vol=0.800000011920929
[SOUND] entity.zombified_piglin.hurt vol=0.15000000596046448
[SOUND] entity.zombified_piglin.hurt vol=0.15000000596046448
[SOUND] entity.zoglin.step vol=1
[SOUND] entity.zombified_piglin.hurt vol=0.15000000596046448
[SOUND] entity.sheep.shear vol=0.15000000596046448
[SOUND] entity.slime.hurt vol=0.800000011920929
[STATE] time=14142 raining=false thunder=0 rain=0 chunks=109
[SOUND] entity.zoglin.step vol=1
[SOUND] entity.slime.hurt vol=1.600000023841858
[SOUND] block.stone_pressure_plate.click_on vol=0.15000000596046448
[SOUND] entity.zombified_piglin.hurt vol=0.15000000596046448
[SOUND] entity.zombified_piglin.hurt vol=0.15000000596046448
[SOUND] entity.slime.hurt vol=0.800000011920929
[SOUND] entity.zombified_piglin.hurt vol=0.15000000596046448
[SOUND] block.grass.place vol=0.15000000596046448
[SOUND] entity.slime.jump vol=0.800000011920929
[SOUND] entity.zombified_piglin.hurt vol=0.15000000596046448
[SOUND] entity.sheep.shear vol=0.15000000596046448
[SOUND] entity.slime.jump vol=1.600000023841858
[SOUND] entity.slime.jump vol=0.800000011920929
[SOUND] entity.zombified_piglin.hurt vol=0.15000000596046448
[SOUND] entity.zoglin.step vol=1
[SOUND] entity.slime.hurt vol=1.600000023841858
[SOUND] entity.sheep.shear vol=0.15000000596046448
[SOUND] entity.zoglin.step vol=1
[SOUND] entity.zombified_piglin.hurt vol=0.15000000596046448
[SOUND] entity.slime.hurt vol=0.800000011920929
[SOUND] entity.slime.jump vol=1.600000023841858
[SOUND] entity.zoglin.step vol=1
[STATE] time=14182 raining=false thunder=0 rain=0 chunks=109
[SOUND] entity.zombified_piglin.hurt vol=0.15000000596046448
[SOUND] entity.sheep.shear vol=0.15000000596046448
[SOUND] entity.zombified_piglin.hurt vol=0.15000000596046448
[SOUND] block.grass.place vol=0.15000000596046448
[SOUND] entity.slime.jump vol=0.800000011920929
[SOUND] entity.zombified_piglin.hurt vol=0.15000000596046448
[SOUND] entity.zombified_piglin.hurt vol=0.15000000596046448
[SOUND] entity.zombified_piglin.hurt vol=0.15000000596046448
[SOUND] entity.sheep.shear vol=0.15000000596046448
[SOUND] block.grass.place vol=0.15000000596046448
[SOUND] entity.slime.hurt vol=0.800000011920929
[SOUND] entity.slime.hurt vol=0.800000011920929
[SOUND] entity.zombified_piglin.hurt vol=0.15000000596046448
[SOUND] entity.sheep.shear vol=0.15000000596046448
[SOUND] entity.slime.hurt vol=1.600000023841858
[SOUND] entity.zombified_piglin.hurt vol=0.15000000596046448
[SOUND] block.grass.place vol=0.15000000596046448
[SOUND] entity.slime.jump vol=0.800000011920929
[SOUND] block.grass.place vol=0.15000000596046448
[SOUND] entity.slime.jump vol=0.800000011920929
[SOUND] entity.zombified_piglin.hurt vol=0.15000000596046448
[STATE] time=14222 raining=false thunder=0 rain=0 chunks=109
[SOUND] block.grass.place vol=0.15000000596046448
[SOUND] entity.slime.hurt vol=1.600000023841858
[SOUND] entity.zombified_piglin.hurt vol=0.15000000596046448
[SOUND] entity.zombified_piglin.hurt vol=0.15000000596046448
[SOUND] entity.slime.jump vol=1.600000023841858
[SOUND] entity.slime.jump vol=0.800000011920929
[SOUND] block.stone_pressure_plate.click_on vol=0.15000000596046448
[SOUND] entity.slime.jump vol=1.600000023841858
[SOUND] block.stone_pressure_plate.click_on vol=0.15000000596046448
[SOUND] entity.slime.hurt_small vol=0.4000000059604645
[SOUND] entity.slime.hurt_small vol=0.4000000059604645
[SOUND] entity.slime.hurt vol=0.800000011920929
[SOUND] entity.zoglin.step vol=1
[SOUND] entity.slime.jump_small vol=0.4000000059604645
[SOUND] entity.slime.jump vol=0.800000011920929
[SOUND] entity.zombified_piglin.hurt vol=0.15000000596046448
[SOUND] entity.slime.hurt vol=0.800000011920929
[SOUND] entity.slime.jump_small vol=0.4000000059604645
[SOUND] entity.zombified_piglin.hurt vol=0.15000000596046448
[SOUND] entity.slime.hurt_small vol=0.4000000059604645
[STATE] time=14262 raining=false thunder=0 rain=0 chunks=68
[SOUND] entity.slime.jump vol=0.800000011920929
[SOUND] entity.zombified_piglin.hurt vol=0.15000000596046448
[SOUND] entity.slime.hurt_small vol=0.4000000059604645
[SOUND] entity.slime.hurt vol=1.600000023841858
[SOUND] entity.slime.hurt vol=0.800000011920929
[SOUND] entity.zombified_piglin.hurt vol=0.15000000596046448
[SOUND] entity.slime.hurt_small vol=0.4000000059604645
[SOUND] entity.slime.jump_small vol=0.4000000059604645
[SOUND] entity.slime.hurt_small vol=0.4000000059604645
[SOUND] entity.slime.hurt vol=1.600000023841858
[SOUND] entity.slime.jump_small vol=0.4000000059604645
[SOUND] entity.slime.jump_small vol=0.4000000059604645
[SOUND] block.stone_pressure_plate.click_on vol=0.15000000596046448
[SOUND] entity.slime.jump vol=1.600000023841858
[SOUND] entity.zoglin.step vol=1
[SOUND] block.grass.place vol=0.15000000596046448
[SOUND] entity.slime.jump vol=0.800000011920929
[SOUND] entity.zombified_piglin.hurt vol=0.15000000596046448
[SOUND] entity.slime.jump_small vol=0.4000000059604645
[SOUND] entity.zombified_piglin.hurt vol=0.15000000596046448
[SOUND] entity.zombified_piglin.hurt vol=0.15000000596046448
[SOUND] block.stone_pressure_plate.click_on vol=0.15000000596046448
[SOUND] block.stone_pressure_plate.click_on vol=0.15000000596046448
[SOUND] entity.slime.jump vol=1.600000023841858
[SOUND] entity.slime.hurt vol=1.600000023841858
[SOUND] entity.zombified_piglin.hurt vol=0.15000000596046448
[SOUND] entity.slime.hurt vol=0.800000011920929
[SOUND] entity.zombified_piglin.hurt vol=0.15000000596046448
[SOUND] entity.slime.hurt_small vol=0.4000000059604645
[SOUND] entity.zombified_piglin.hurt vol=0.15000000596046448
[SOUND] entity.slime.hurt_small vol=0.4000000059604645
[STATE] time=14302 raining=false thunder=0 rain=0 chunks=109
[SOUND] entity.slime.jump vol=1.600000023841858
[SOUND] entity.zombified_piglin.hurt vol=0.15000000596046448
[SOUND] entity.slime.jump vol=0.800000011920929
[SOUND] block.grass.place vol=0.15000000596046448
[SOUND] entity.slime.hurt_small vol=0.4000000059604645
[SOUND] entity.zombified_piglin.hurt vol=0.15000000596046448
[SOUND] entity.zombified_piglin.hurt vol=0.15000000596046448
[SOUND] entity.zombified_piglin.hurt vol=0.15000000596046448
[SOUND] entity.zombified_piglin.hurt vol=0.15000000596046448
[SOUND] entity.slime.hurt vol=1.600000023841858
[SOUND] entity.slime.jump_small vol=0.4000000059604645
[SOUND] entity.zombified_piglin.hurt vol=0.15000000596046448
[SOUND] entity.slime.jump_small vol=0.4000000059604645
[SOUND] entity.slime.hurt vol=0.800000011920929
[SOUND] entity.zombified_piglin.hurt vol=0.15000000596046448
[SOUND] entity.zombified_piglin.hurt vol=0.15000000596046448
[SOUND] block.grass.place vol=0.15000000596046448
[SOUND] entity.slime.jump_small vol=0.4000000059604645
[SOUND] block.stone_pressure_plate.click_on vol=0.15000000596046448
[SOUND] block.stone_pressure_plate.click_on vol=0.15000000596046448
[SOUND] entity.slime.jump vol=1.600000023841858
[SOUND] entity.slime.hurt_small vol=0.4000000059604645
[SOUND] block.stone_pressure_plate.click_on vol=0.15000000596046448
[SOUND] entity.slime.jump_small vol=0.4000000059604645
[SOUND] entity.zombified_piglin.hurt vol=0.15000000596046448
[SOUND] entity.slime.jump vol=0.800000011920929
[SOUND] entity.slime.hurt vol=1.600000023841858
[SOUND] entity.slime.hurt vol=0.800000011920929
[SOUND] entity.zombified_piglin.hurt vol=0.15000000596046448
[SOUND] entity.zombified_piglin.hurt vol=0.15000000596046448
[SOUND] entity.zombified_piglin.hurt vol=0.15000000596046448
[SOUND] entity.slime.hurt_small vol=0.4000000059604645
[SOUND] entity.zombified_piglin.hurt vol=0.15000000596046448
[SOUND] entity.zombified_piglin.hurt vol=0.15000000596046448
[SOUND] entity.zombified_piglin.hurt vol=0.15000000596046448
[SOUND] block.grass.place vol=0.15000000596046448
[SOUND] entity.slime.jump_small vol=0.4000000059604645
[SOUND] entity.slime.hurt vol=1.600000023841858
[SOUND] entity.slime.hurt vol=0.800000011920929
[SOUND] block.stone_pressure_plate.click_on vol=0.15000000596046448
[SOUND] entity.slime.jump vol=1.600000023841858
[SOUND] entity.slime.jump vol=0.800000011920929
[SOUND] entity.zombified_piglin.hurt vol=0.15000000596046448
[SOUND] block.stone_pressure_plate.click_on vol=0.15000000596046448
[SOUND] entity.slime.jump_small vol=0.4000000059604645
[SOUND] entity.zoglin.step vol=1
[SOUND] entity.slime.jump vol=1.600000023841858
[SOUND] entity.zombified_piglin.hurt vol=0.15000000596046448
[SOUND] entity.zombified_piglin.hurt vol=0.15000000596046448
[STATE] time=14342 raining=false thunder=0 rain=0 chunks=109
[SOUND] block.grass.place vol=0.15000000596046448
[SOUND] entity.slime.jump vol=0.800000011920929
[SOUND] entity.zoglin.step vol=1
[SOUND] entity.slime.hurt_small vol=0.4000000059604645
[SOUND] entity.zombified_piglin.hurt vol=0.15000000596046448
[SOUND] entity.zombified_piglin.hurt vol=0.15000000596046448
[SOUND] entity.zombified_piglin.hurt vol=0.15000000596046448
[SOUND] entity.zombified_piglin.hurt vol=0.15000000596046448
[SOUND] entity.slime.hurt vol=1.600000023841858
[SOUND] entity.zombified_piglin.hurt vol=0.15000000596046448
[SOUND] entity.zombified_piglin.hurt vol=0.15000000596046448
[SOUND] entity.slime.hurt vol=0.800000011920929
[SOUND] entity.zombified_piglin.hurt vol=0.15000000596046448
[SOUND] entity.zombified_piglin.hurt vol=0.15000000596046448
[SOUND] entity.zoglin.step vol=1
[SOUND] entity.slime.hurt_small vol=0.4000000059604645
[SOUND] block.stone_pressure_plate.click_on vol=0.15000000596046448
[SOUND] entity.slime.jump_small vol=0.4000000059604645
[SOUND] entity.slime.hurt_small vol=0.4000000059604645
[SOUND] entity.slime.hurt_small vol=0.4000000059604645
[SOUND] entity.zombified_piglin.hurt vol=0.15000000596046448
[SOUND] entity.slime.hurt vol=1.600000023841858
[SOUND] block.grass.place vol=0.15000000596046448
[SOUND] entity.slime.jump vol=1.600000023841858
[SOUND] entity.slime.jump_small vol=0.4000000059604645
[SOUND] entity.zombified_piglin.hurt vol=0.15000000596046448
[SOUND] entity.slime.hurt_small vol=0.4000000059604645
[SOUND] entity.slime.jump_small vol=0.4000000059604645
[SOUND] entity.slime.jump vol=0.800000011920929
[SOUND] block.grass.place vol=0.15000000596046448
[SOUND] entity.zombified_piglin.hurt vol=0.15000000596046448
[SOUND] entity.zombified_piglin.hurt vol=0.15000000596046448
[SOUND] entity.slime.hurt vol=0.800000011920929
[SOUND] entity.zombified_piglin.hurt vol=0.15000000596046448
[SOUND] entity.slime.jump_small vol=0.4000000059604645
[SOUND] entity.zombified_piglin.hurt vol=0.15000000596046448
[SOUND] entity.slime.jump_small vol=0.4000000059604645
[SOUND] block.stone_pressure_plate.click_on vol=0.15000000596046448
[SOUND] entity.slime.jump vol=1.600000023841858
[SOUND] entity.zoglin.step vol=1
[SOUND] entity.zoglin.step vol=1
[SOUND] entity.zombified_piglin.hurt vol=0.15000000596046448
[SOUND] block.stone_pressure_plate.click_on vol=0.15000000596046448
[SOUND] entity.slime.jump_small vol=0.4000000059604645
[SOUND] entity.zoglin.step vol=1
[SOUND] entity.zombified_piglin.hurt vol=0.15000000596046448
[SOUND] entity.zombified_piglin.hurt vol=0.15000000596046448
[SOUND] entity.zombified_piglin.hurt vol=0.15000000596046448
[SOUND] entity.zombified_piglin.hurt vol=0.15000000596046448
[SOUND] block.grass.place vol=0.15000000596046448
[SOUND] entity.slime.jump vol=0.800000011920929
[SOUND] entity.slime.hurt vol=1.600000023841858
[STATE] time=14382 raining=false thunder=0 rain=0 chunks=109
[SOUND] entity.slime.hurt vol=0.800000011920929
[SOUND] entity.zombified_piglin.hurt vol=0.15000000596046448
[SOUND] entity.zoglin.step vol=1
[SOUND] entity.zombified_piglin.hurt vol=0.15000000596046448
[SOUND] entity.zombified_piglin.hurt vol=0.15000000596046448
[SOUND] block.grass.place vol=0.15000000596046448
[SOUND] entity.slime.jump vol=1.600000023841858
[SOUND] entity.zombified_piglin.hurt vol=0.15000000596046448
[SOUND] entity.slime.hurt_small vol=0.4000000059604645
[SOUND] block.grass.place vol=0.15000000596046448
[SOUND] entity.slime.jump vol=0.800000011920929
[SOUND] block.grass.place vol=0.15000000596046448
[SOUND] entity.zombified_piglin.hurt vol=0.15000000596046448
[SOUND] entity.zombified_piglin.hurt vol=0.15000000596046448
[SOUND] entity.zombified_piglin.hurt vol=0.15000000596046448
[SOUND] entity.zombified_piglin.hurt vol=0.15000000596046448
[KICKED] {"type":"string","value":"Server closed"}
[STATE] time=14402 raining=false thunder=0 rain=0 chunks=109
[STATE] time=14402 raining=false thunder=0 rain=0 chunks=109
[STATE] time=14402 raining=false thunder=0 rain=0 chunks=109
[STATE] time=14402 raining=false thunder=0 rain=0 chunks=109
