[GAMEEVENT] reason=13 value=0
[BOT] spawned
[GAMEEVENT] reason=1 value=0
[GAMEEVENT] reason=1 value=0
[GAMEEVENT] reason=13 value=0
[GAMEEVENT] reason=11 value=0
[GAMEEVENT] reason=13 value=0
[GAMEEVENT] reason=11 value=0
[GAMEEVENT] reason=13 value=0
[GAMEEVENT] reason=11 value=0
[GAMEEVENT] reason=13 value=0
[GAMEEVENT] reason=11 value=0
PartialReadError: Read error for undefined : undefined
    at new ExtendableError (/Users/inh/Desktop/lab/inhGraphics/bot/node_modules/protodef/src/utils.js:63:13)
    at new PartialReadError (/Users/inh/Desktop/lab/inhGraphics/bot/node_modules/protodef/src/utils.js:70:5)
    at Object.readBool [as bool] (/Users/inh/Desktop/lab/inhGraphics/bot/node_modules/protodef/src/datatypes/utils.js:91:41)
    at eval (eval at compile (/Users/inh/Desktop/lab/inhGraphics/bot/node_modules/protodef/src/compiler.js:262:12), <anonymous>:427:35)
    at eval (eval at compile (/Users/inh/Desktop/lab/inhGraphics/bot/node_modules/protodef/src/compiler.js:262:12), <anonymous>:433:15)
    at eval (eval at compile (/Users/inh/Desktop/lab/inhGraphics/bot/node_modules/protodef/src/compiler.js:262:12), <anonymous>:435:13)
    at Object.SlotComponent (eval at compile (/Users/inh/Desktop/lab/inhGraphics/bot/node_modules/protodef/src/compiler.js:262:12), <anonymous>:720:9)
    at eval (eval at compile (/Users/inh/Desktop/lab/inhGraphics/bot/node_modules/protodef/src/compiler.js:262:12), <anonymous>:957:49)
    at eval (eval at compile (/Users/inh/Desktop/lab/inhGraphics/bot/node_modules/protodef/src/compiler.js:262:12), <anonymous>:962:15)
    at eval (eval at compile (/Users/inh/Desktop/lab/inhGraphics/bot/node_modules/protodef/src/compiler.js:262:12), <anonymous>:980:13)
PartialReadError: Read error for undefined : Unexpected buffer end while reading VarInt
    at new ExtendableError (/Users/inh/Desktop/lab/inhGraphics/bot/node_modules/protodef/src/utils.js:63:13)
    at new PartialReadError (/Users/inh/Desktop/lab/inhGraphics/bot/node_modules/protodef/src/utils.js:70:5)
    at Object.readVarInt [as varint] (/Users/inh/Desktop/lab/inhGraphics/bot/node_modules/protodef/src/datatypes/varint.js:19:40)
    at Object.string (eval at compile (/Users/inh/Desktop/lab/inhGraphics/bot/node_modules/protodef/src/compiler.js:262:12), <anonymous>:104:61)
    at eval (eval at compile (/Users/inh/Desktop/lab/inhGraphics/bot/node_modules/protodef/src/compiler.js:262:12), <anonymous>:429:53)
    at eval (eval at compile (/Users/inh/Desktop/lab/inhGraphics/bot/node_modules/protodef/src/compiler.js:262:12), <anonymous>:433:15)
    at eval (eval at compile (/Users/inh/Desktop/lab/inhGraphics/bot/node_modules/protodef/src/compiler.js:262:12), <anonymous>:435:13)
    at Object.SlotComponent (eval at compile (/Users/inh/Desktop/lab/inhGraphics/bot/node_modules/protodef/src/compiler.js:262:12), <anonymous>:720:9)
    at eval (eval at compile (/Users/inh/Desktop/lab/inhGraphics/bot/node_modules/protodef/src/compiler.js:262:12), <anonymous>:957:49)
    at eval (eval at compile (/Users/inh/Desktop/lab/inhGraphics/bot/node_modules/protodef/src/compiler.js:262:12), <anonymous>:962:15)
PartialReadError: Read error for undefined : Unexpected buffer end while reading VarInt
    at new ExtendableError (/Users/inh/Desktop/lab/inhGraphics/bot/node_modules/protodef/src/utils.js:63:13)
    at new PartialReadError (/Users/inh/Desktop/lab/inhGraphics/bot/node_modules/protodef/src/utils.js:70:5)
    at Object.readVarInt [as varint] (/Users/inh/Desktop/lab/inhGraphics/bot/node_modules/protodef/src/datatypes/varint.js:19:40)
    at Object.string (eval at compile (/Users/inh/Desktop/lab/inhGraphics/bot/node_modules/protodef/src/compiler.js:262:12), <anonymous>:104:61)
    at eval (eval at compile (/Users/inh/Desktop/lab/inhGraphics/bot/node_modules/protodef/src/compiler.js:262:12), <anonymous>:429:53)
    at eval (eval at compile (/Users/inh/Desktop/lab/inhGraphics/bot/node_modules/protodef/src/compiler.js:262:12), <anonymous>:433:15)
    at eval (eval at compile (/Users/inh/Desktop/lab/inhGraphics/bot/node_modules/protodef/src/compiler.js:262:12), <anonymous>:435:13)
    at Object.SlotComponent (eval at compile (/Users/inh/Desktop/lab/inhGraphics/bot/node_modules/protodef/src/compiler.js:262:12), <anonymous>:720:9)
    at eval (eval at compile (/Users/inh/Desktop/lab/inhGraphics/bot/node_modules/protodef/src/compiler.js:262:12), <anonymous>:957:49)
    at eval (eval at compile (/Users/inh/Desktop/lab/inhGraphics/bot/node_modules/protodef/src/compiler.js:262:12), <anonymous>:962:15)
PartialReadError: Read error for undefined : Unexpected buffer end while reading VarInt
    at new ExtendableError (/Users/inh/Desktop/lab/inhGraphics/bot/node_modules/protodef/src/utils.js:63:13)
    at new PartialReadError (/Users/inh/Desktop/lab/inhGraphics/bot/node_modules/protodef/src/utils.js:70:5)
    at Object.readVarInt [as varint] (/Users/inh/Desktop/lab/inhGraphics/bot/node_modules/protodef/src/datatypes/varint.js:19:40)
    at Object.string (eval at compile (/Users/inh/Desktop/lab/inhGraphics/bot/node_modules/protodef/src/compiler.js:262:12), <anonymous>:104:61)
    at eval (eval at compile (/Users/inh/Desktop/lab/inhGraphics/bot/node_modules/protodef/src/compiler.js:262:12), <anonymous>:429:53)
    at eval (eval at compile (/Users/inh/Desktop/lab/inhGraphics/bot/node_modules/protodef/src/compiler.js:262:12), <anonymous>:433:15)
    at eval (eval at compile (/Users/inh/Desktop/lab/inhGraphics/bot/node_modules/protodef/src/compiler.js:262:12), <anonymous>:435:13)
    at Object.SlotComponent (eval at compile (/Users/inh/Desktop/lab/inhGraphics/bot/node_modules/protodef/src/compiler.js:262:12), <anonymous>:720:9)
    at eval (eval at compile (/Users/inh/Desktop/lab/inhGraphics/bot/node_modules/protodef/src/compiler.js:262:12), <anonymous>:957:49)
    at eval (eval at compile (/Users/inh/Desktop/lab/inhGraphics/bot/node_modules/protodef/src/compiler.js:262:12), <anonymous>:962:15)
PartialReadError: Read error for undefined : Unexpected buffer end while reading VarInt
    at new ExtendableError (/Users/inh/Desktop/lab/inhGraphics/bot/node_modules/protodef/src/utils.js:63:13)
    at new PartialReadError (/Users/inh/Desktop/lab/inhGraphics/bot/node_modules/protodef/src/utils.js:70:5)
    at Object.readVarInt [as varint] (/Users/inh/Desktop/lab/inhGraphics/bot/node_modules/protodef/src/datatypes/varint.js:19:40)
    at Object.string (eval at compile (/Users/inh/Desktop/lab/inhGraphics/bot/node_modules/protodef/src/compiler.js:262:12), <anonymous>:104:61)
    at eval (eval at compile (/Users/inh/Desktop/lab/inhGraphics/bot/node_modules/protodef/src/compiler.js:262:12), <anonymous>:429:53)
    at eval (eval at compile (/Users/inh/Desktop/lab/inhGraphics/bot/node_modules/protodef/src/compiler.js:262:12), <anonymous>:433:15)
    at eval (eval at compile (/Users/inh/Desktop/lab/inhGraphics/bot/node_modules/protodef/src/compiler.js:262:12), <anonymous>:435:13)
    at Object.SlotComponent (eval at compile (/Users/inh/Desktop/lab/inhGraphics/bot/node_modules/protodef/src/compiler.js:262:12), <anonymous>:720:9)
    at eval (eval at compile (/Users/inh/Desktop/lab/inhGraphics/bot/node_modules/protodef/src/compiler.js:262:12), <anonymous>:957:49)
    at eval (eval at compile (/Users/inh/Desktop/lab/inhGraphics/bot/node_modules/protodef/src/compiler.js:262:12), <anonymous>:962:15)
PartialReadError: Read error for undefined : Unexpected buffer end while reading VarInt
    at new ExtendableError (/Users/inh/Desktop/lab/inhGraphics/bot/node_modules/protodef/src/utils.js:63:13)
    at new PartialReadError (/Users/inh/Desktop/lab/inhGraphics/bot/node_modules/protodef/src/utils.js:70:5)
    at Object.readVarInt [as varint] (/Users/inh/Desktop/lab/inhGraphics/bot/node_modules/protodef/src/datatypes/varint.js:19:40)
    at Object.string (eval at compile (/Users/inh/Desktop/lab/inhGraphics/bot/node_modules/protodef/src/compiler.js:262:12), <anonymous>:104:61)
    at eval (eval at compile (/Users/inh/Desktop/lab/inhGraphics/bot/node_modules/protodef/src/compiler.js:262:12), <anonymous>:429:53)
    at eval (eval at compile (/Users/inh/Desktop/lab/inhGraphics/bot/node_modules/protodef/src/compiler.js:262:12), <anonymous>:433:15)
    at eval (eval at compile (/Users/inh/Desktop/lab/inhGraphics/bot/node_modules/protodef/src/compiler.js:262:12), <anonymous>:435:13)
    at Object.SlotComponent (eval at compile (/Users/inh/Desktop/lab/inhGraphics/bot/node_modules/protodef/src/compiler.js:262:12), <anonymous>:720:9)
    at eval (eval at compile (/Users/inh/Desktop/lab/inhGraphics/bot/node_modules/protodef/src/compiler.js:262:12), <anonymous>:957:49)
    at eval (eval at compile (/Users/inh/Desktop/lab/inhGraphics/bot/node_modules/protodef/src/compiler.js:262:12), <anonymous>:962:15)
PartialReadError: Read error for undefined : Unexpected buffer end while reading VarInt
    at new ExtendableError (/Users/inh/Desktop/lab/inhGraphics/bot/node_modules/protodef/src/utils.js:63:13)
    at new PartialReadError (/Users/inh/Desktop/lab/inhGraphics/bot/node_modules/protodef/src/utils.js:70:5)
    at Object.readVarInt [as varint] (/Users/inh/Desktop/lab/inhGraphics/bot/node_modules/protodef/src/datatypes/varint.js:19:40)
    at Object.string (eval at compile (/Users/inh/Desktop/lab/inhGraphics/bot/node_modules/protodef/src/compiler.js:262:12), <anonymous>:104:61)
    at eval (eval at compile (/Users/inh/Desktop/lab/inhGraphics/bot/node_modules/protodef/src/compiler.js:262:12), <anonymous>:429:53)
    at eval (eval at compile (/Users/inh/Desktop/lab/inhGraphics/bot/node_modules/protodef/src/compiler.js:262:12), <anonymous>:433:15)
    at eval (eval at compile (/Users/inh/Desktop/lab/inhGraphics/bot/node_modules/protodef/src/compiler.js:262:12), <anonymous>:435:13)
    at Object.SlotComponent (eval at compile (/Users/inh/Desktop/lab/inhGraphics/bot/node_modules/protodef/src/compiler.js:262:12), <anonymous>:720:9)
    at eval (eval at compile (/Users/inh/Desktop/lab/inhGraphics/bot/node_modules/protodef/src/compiler.js:262:12), <anonymous>:957:49)
    at eval (eval at compile (/Users/inh/Desktop/lab/inhGraphics/bot/node_modules/protodef/src/compiler.js:262:12), <anonymous>:962:15)
PartialReadError: Read error for undefined : Unexpected buffer end while reading VarInt
    at new ExtendableError (/Users/inh/Desktop/lab/inhGraphics/bot/node_modules/protodef/src/utils.js:63:13)
    at new PartialReadError (/Users/inh/Desktop/lab/inhGraphics/bot/node_modules/protodef/src/utils.js:70:5)
    at Object.readVarInt [as varint] (/Users/inh/Desktop/lab/inhGraphics/bot/node_modules/protodef/src/datatypes/varint.js:19:40)
    at Object.string (eval at compile (/Users/inh/Desktop/lab/inhGraphics/bot/node_modules/protodef/src/compiler.js:262:12), <anonymous>:104:61)
    at eval (eval at compile (/Users/inh/Desktop/lab/inhGraphics/bot/node_modules/protodef/src/compiler.js:262:12), <anonymous>:429:53)
    at eval (eval at compile (/Users/inh/Desktop/lab/inhGraphics/bot/node_modules/protodef/src/compiler.js:262:12), <anonymous>:433:15)
    at eval (eval at compile (/Users/inh/Desktop/lab/inhGraphics/bot/node_modules/protodef/src/compiler.js:262:12), <anonymous>:435:13)
    at Object.SlotComponent (eval at compile (/Users/inh/Desktop/lab/inhGraphics/bot/node_modules/protodef/src/compiler.js:262:12), <anonymous>:720:9)
    at eval (eval at compile (/Users/inh/Desktop/lab/inhGraphics/bot/node_modules/protodef/src/compiler.js:262:12), <anonymous>:957:49)
    at eval (eval at compile (/Users/inh/Desktop/lab/inhGraphics/bot/node_modules/protodef/src/compiler.js:262:12), <anonymous>:962:15)
PartialReadError: Read error for undefined : Unexpected buffer end while reading VarInt
    at new ExtendableError (/Users/inh/Desktop/lab/inhGraphics/bot/node_modules/protodef/src/utils.js:63:13)
    at new PartialReadError (/Users/inh/Desktop/lab/inhGraphics/bot/node_modules/protodef/src/utils.js:70:5)
    at Object.readVarInt [as varint] (/Users/inh/Desktop/lab/inhGraphics/bot/node_modules/protodef/src/datatypes/varint.js:19:40)
    at Object.string (eval at compile (/Users/inh/Desktop/lab/inhGraphics/bot/node_modules/protodef/src/compiler.js:262:12), <anonymous>:104:61)
    at eval (eval at compile (/Users/inh/Desktop/lab/inhGraphics/bot/node_modules/protodef/src/compiler.js:262:12), <anonymous>:429:53)
    at eval (eval at compile (/Users/inh/Desktop/lab/inhGraphics/bot/node_modules/protodef/src/compiler.js:262:12), <anonymous>:433:15)
    at eval (eval at compile (/Users/inh/Desktop/lab/inhGraphics/bot/node_modules/protodef/src/compiler.js:262:12), <anonymous>:435:13)
    at Object.SlotComponent (eval at compile (/Users/inh/Desktop/lab/inhGraphics/bot/node_modules/protodef/src/compiler.js:262:12), <anonymous>:720:9)
    at eval (eval at compile (/Users/inh/Desktop/lab/inhGraphics/bot/node_modules/protodef/src/compiler.js:262:12), <anonymous>:957:49)
    at eval (eval at compile (/Users/inh/Desktop/lab/inhGraphics/bot/node_modules/protodef/src/compiler.js:262:12), <anonymous>:962:15)
PartialReadError: Read error for undefined : Unexpected buffer end while reading VarInt
    at new ExtendableError (/Users/inh/Desktop/lab/inhGraphics/bot/node_modules/protodef/src/utils.js:63:13)
    at new PartialReadError (/Users/inh/Desktop/lab/inhGraphics/bot/node_modules/protodef/src/utils.js:70:5)
    at Object.readVarInt [as varint] (/Users/inh/Desktop/lab/inhGraphics/bot/node_modules/protodef/src/datatypes/varint.js:19:40)
    at Object.string (eval at compile (/Users/inh/Desktop/lab/inhGraphics/bot/node_modules/protodef/src/compiler.js:262:12), <anonymous>:104:61)
    at eval (eval at compile (/Users/inh/Desktop/lab/inhGraphics/bot/node_modules/protodef/src/compiler.js:262:12), <anonymous>:429:53)
    at eval (eval at compile (/Users/inh/Desktop/lab/inhGraphics/bot/node_modules/protodef/src/compiler.js:262:12), <anonymous>:433:15)
    at eval (eval at compile (/Users/inh/Desktop/lab/inhGraphics/bot/node_modules/protodef/src/compiler.js:262:12), <anonymous>:435:13)
    at Object.SlotComponent (eval at compile (/Users/inh/Desktop/lab/inhGraphics/bot/node_modules/protodef/src/compiler.js:262:12), <anonymous>:720:9)
    at eval (eval at compile (/Users/inh/Desktop/lab/inhGraphics/bot/node_modules/protodef/src/compiler.js:262:12), <anonymous>:957:49)
    at eval (eval at compile (/Users/inh/Desktop/lab/inhGraphics/bot/node_modules/protodef/src/compiler.js:262:12), <anonymous>:962:15)
PartialReadError: Read error for undefined : Unexpected buffer end while reading VarInt
    at new ExtendableError (/Users/inh/Desktop/lab/inhGraphics/bot/node_modules/protodef/src/utils.js:63:13)
    at new PartialReadError (/Users/inh/Desktop/lab/inhGraphics/bot/node_modules/protodef/src/utils.js:70:5)
    at Object.readVarInt [as varint] (/Users/inh/Desktop/lab/inhGraphics/bot/node_modules/protodef/src/datatypes/varint.js:19:40)
    at Object.string (eval at compile (/Users/inh/Desktop/lab/inhGraphics/bot/node_modules/protodef/src/compiler.js:262:12), <anonymous>:104:61)
    at eval (eval at compile (/Users/inh/Desktop/lab/inhGraphics/bot/node_modules/protodef/src/compiler.js:262:12), <anonymous>:429:53)
    at eval (eval at compile (/Users/inh/Desktop/lab/inhGraphics/bot/node_modules/protodef/src/compiler.js:262:12), <anonymous>:433:15)
    at eval (eval at compile (/Users/inh/Desktop/lab/inhGraphics/bot/node_modules/protodef/src/compiler.js:262:12), <anonymous>:435:13)
    at Object.SlotComponent (eval at compile (/Users/inh/Desktop/lab/inhGraphics/bot/node_modules/protodef/src/compiler.js:262:12), <anonymous>:720:9)
    at eval (eval at compile (/Users/inh/Desktop/lab/inhGraphics/bot/node_modules/protodef/src/compiler.js:262:12), <anonymous>:957:49)
    at eval (eval at compile (/Users/inh/Desktop/lab/inhGraphics/bot/node_modules/protodef/src/compiler.js:262:12), <anonymous>:962:15)
[GAMEEVENT] reason=13 value=0
[GAMEEVENT] reason=11 value=0
PartialReadError: Read error for undefined : undefined
    at new ExtendableError (/Users/inh/Desktop/lab/inhGraphics/bot/node_modules/protodef/src/utils.js:63:13)
    at new PartialReadError (/Users/inh/Desktop/lab/inhGraphics/bot/node_modules/protodef/src/utils.js:70:5)
    at Object.readBool [as bool] (/Users/inh/Desktop/lab/inhGraphics/bot/node_modules/protodef/src/datatypes/utils.js:91:41)
    at eval (eval at compile (/Users/inh/Desktop/lab/inhGraphics/bot/node_modules/protodef/src/compiler.js:262:12), <anonymous>:427:35)
    at eval (eval at compile (/Users/inh/Desktop/lab/inhGraphics/bot/node_modules/protodef/src/compiler.js:262:12), <anonymous>:433:15)
    at eval (eval at compile (/Users/inh/Desktop/lab/inhGraphics/bot/node_modules/protodef/src/compiler.js:262:12), <anonymous>:435:13)
    at Object.SlotComponent (eval at compile (/Users/inh/Desktop/lab/inhGraphics/bot/node_modules/protodef/src/compiler.js:262:12), <anonymous>:720:9)
    at eval (eval at compile (/Users/inh/Desktop/lab/inhGraphics/bot/node_modules/protodef/src/compiler.js:262:12), <anonymous>:957:49)
    at eval (eval at compile (/Users/inh/Desktop/lab/inhGraphics/bot/node_modules/protodef/src/compiler.js:262:12), <anonymous>:962:15)
    at eval (eval at compile (/Users/inh/Desktop/lab/inhGraphics/bot/node_modules/protodef/src/compiler.js:262:12), <anonymous>:980:13)
PartialReadError: Read error for undefined : Unexpected buffer end while reading VarInt
    at new ExtendableError (/Users/inh/Desktop/lab/inhGraphics/bot/node_modules/protodef/src/utils.js:63:13)
    at new PartialReadError (/Users/inh/Desktop/lab/inhGraphics/bot/node_modules/protodef/src/utils.js:70:5)
    at Object.readVarInt [as varint] (/Users/inh/Desktop/lab/inhGraphics/bot/node_modules/protodef/src/datatypes/varint.js:19:40)
    at Object.string (eval at compile (/Users/inh/Desktop/lab/inhGraphics/bot/node_modules/protodef/src/compiler.js:262:12), <anonymous>:104:61)
    at eval (eval at compile (/Users/inh/Desktop/lab/inhGraphics/bot/node_modules/protodef/src/compiler.js:262:12), <anonymous>:429:53)
    at eval (eval at compile (/Users/inh/Desktop/lab/inhGraphics/bot/node_modules/protodef/src/compiler.js:262:12), <anonymous>:433:15)
    at eval (eval at compile (/Users/inh/Desktop/lab/inhGraphics/bot/node_modules/protodef/src/compiler.js:262:12), <anonymous>:435:13)
    at Object.SlotComponent (eval at compile (/Users/inh/Desktop/lab/inhGraphics/bot/node_modules/protodef/src/compiler.js:262:12), <anonymous>:720:9)
    at eval (eval at compile (/Users/inh/Desktop/lab/inhGraphics/bot/node_modules/protodef/src/compiler.js:262:12), <anonymous>:957:49)
    at eval (eval at compile (/Users/inh/Desktop/lab/inhGraphics/bot/node_modules/protodef/src/compiler.js:262:12), <anonymous>:962:15)
PartialReadError: Read error for undefined : Unexpected buffer end while reading VarInt
    at new ExtendableError (/Users/inh/Desktop/lab/inhGraphics/bot/node_modules/protodef/src/utils.js:63:13)
    at new PartialReadError (/Users/inh/Desktop/lab/inhGraphics/bot/node_modules/protodef/src/utils.js:70:5)
    at Object.readVarInt [as varint] (/Users/inh/Desktop/lab/inhGraphics/bot/node_modules/protodef/src/datatypes/varint.js:19:40)
    at Object.string (eval at compile (/Users/inh/Desktop/lab/inhGraphics/bot/node_modules/protodef/src/compiler.js:262:12), <anonymous>:104:61)
    at eval (eval at compile (/Users/inh/Desktop/lab/inhGraphics/bot/node_modules/protodef/src/compiler.js:262:12), <anonymous>:429:53)
    at eval (eval at compile (/Users/inh/Desktop/lab/inhGraphics/bot/node_modules/protodef/src/compiler.js:262:12), <anonymous>:433:15)
    at eval (eval at compile (/Users/inh/Desktop/lab/inhGraphics/bot/node_modules/protodef/src/compiler.js:262:12), <anonymous>:435:13)
    at Object.SlotComponent (eval at compile (/Users/inh/Desktop/lab/inhGraphics/bot/node_modules/protodef/src/compiler.js:262:12), <anonymous>:720:9)
    at eval (eval at compile (/Users/inh/Desktop/lab/inhGraphics/bot/node_modules/protodef/src/compiler.js:262:12), <anonymous>:957:49)
    at eval (eval at compile (/Users/inh/Desktop/lab/inhGraphics/bot/node_modules/protodef/src/compiler.js:262:12), <anonymous>:962:15)
PartialReadError: Read error for undefined : undefined
    at new ExtendableError (/Users/inh/Desktop/lab/inhGraphics/bot/node_modules/protodef/src/utils.js:63:13)
    at new PartialReadError (/Users/inh/Desktop/lab/inhGraphics/bot/node_modules/protodef/src/utils.js:70:5)
    at Object.readBool [as bool] (/Users/inh/Desktop/lab/inhGraphics/bot/node_modules/protodef/src/datatypes/utils.js:91:41)
    at eval (eval at compile (/Users/inh/Desktop/lab/inhGraphics/bot/node_modules/protodef/src/compiler.js:262:12), <anonymous>:427:35)
    at eval (eval at compile (/Users/inh/Desktop/lab/inhGraphics/bot/node_modules/protodef/src/compiler.js:262:12), <anonymous>:433:15)
    at eval (eval at compile (/Users/inh/Desktop/lab/inhGraphics/bot/node_modules/protodef/src/compiler.js:262:12), <anonymous>:435:13)
    at Object.SlotComponent (eval at compile (/Users/inh/Desktop/lab/inhGraphics/bot/node_modules/protodef/src/compiler.js:262:12), <anonymous>:720:9)
    at eval (eval at compile (/Users/inh/Desktop/lab/inhGraphics/bot/node_modules/protodef/src/compiler.js:262:12), <anonymous>:957:49)
    at eval (eval at compile (/Users/inh/Desktop/lab/inhGraphics/bot/node_modules/protodef/src/compiler.js:262:12), <anonymous>:962:15)
    at eval (eval at compile (/Users/inh/Desktop/lab/inhGraphics/bot/node_modules/protodef/src/compiler.js:262:12), <anonymous>:980:13)
PartialReadError: Read error for undefined : Unexpected buffer end while reading VarInt
    at new ExtendableError (/Users/inh/Desktop/lab/inhGraphics/bot/node_modules/protodef/src/utils.js:63:13)
    at new PartialReadError (/Users/inh/Desktop/lab/inhGraphics/bot/node_modules/protodef/src/utils.js:70:5)
    at Object.readVarInt [as varint] (/Users/inh/Desktop/lab/inhGraphics/bot/node_modules/protodef/src/datatypes/varint.js:19:40)
    at Object.string (eval at compile (/Users/inh/Desktop/lab/inhGraphics/bot/node_modules/protodef/src/compiler.js:262:12), <anonymous>:104:61)
    at eval (eval at compile (/Users/inh/Desktop/lab/inhGraphics/bot/node_modules/protodef/src/compiler.js:262:12), <anonymous>:429:53)
    at eval (eval at compile (/Users/inh/Desktop/lab/inhGraphics/bot/node_modules/protodef/src/compiler.js:262:12), <anonymous>:433:15)
    at eval (eval at compile (/Users/inh/Desktop/lab/inhGraphics/bot/node_modules/protodef/src/compiler.js:262:12), <anonymous>:435:13)
    at Object.SlotComponent (eval at compile (/Users/inh/Desktop/lab/inhGraphics/bot/node_modules/protodef/src/compiler.js:262:12), <anonymous>:720:9)
    at eval (eval at compile (/Users/inh/Desktop/lab/inhGraphics/bot/node_modules/protodef/src/compiler.js:262:12), <anonymous>:957:49)
    at eval (eval at compile (/Users/inh/Desktop/lab/inhGraphics/bot/node_modules/protodef/src/compiler.js:262:12), <anonymous>:962:15)
PartialReadError: Read error for undefined : Unexpected buffer end while reading VarInt
    at new ExtendableError (/Users/inh/Desktop/lab/inhGraphics/bot/node_modules/protodef/src/utils.js:63:13)
    at new PartialReadError (/Users/inh/Desktop/lab/inhGraphics/bot/node_modules/protodef/src/utils.js:70:5)
    at Object.readVarInt [as varint] (/Users/inh/Desktop/lab/inhGraphics/bot/node_modules/protodef/src/datatypes/varint.js:19:40)
    at Object.string (eval at compile (/Users/inh/Desktop/lab/inhGraphics/bot/node_modules/protodef/src/compiler.js:262:12), <anonymous>:104:61)
    at eval (eval at compile (/Users/inh/Desktop/lab/inhGraphics/bot/node_modules/protodef/src/compiler.js:262:12), <anonymous>:429:53)
    at eval (eval at compile (/Users/inh/Desktop/lab/inhGraphics/bot/node_modules/protodef/src/compiler.js:262:12), <anonymous>:433:15)
    at eval (eval at compile (/Users/inh/Desktop/lab/inhGraphics/bot/node_modules/protodef/src/compiler.js:262:12), <anonymous>:435:13)
    at Object.SlotComponent (eval at compile (/Users/inh/Desktop/lab/inhGraphics/bot/node_modules/protodef/src/compiler.js:262:12), <anonymous>:720:9)
    at eval (eval at compile (/Users/inh/Desktop/lab/inhGraphics/bot/node_modules/protodef/src/compiler.js:262:12), <anonymous>:957:49)
    at eval (eval at compile (/Users/inh/Desktop/lab/inhGraphics/bot/node_modules/protodef/src/compiler.js:262:12), <anonymous>:962:15)
PartialReadError: Read error for undefined : Unexpected buffer end while reading VarInt
    at new ExtendableError (/Users/inh/Desktop/lab/inhGraphics/bot/node_modules/protodef/src/utils.js:63:13)
    at new PartialReadError (/Users/inh/Desktop/lab/inhGraphics/bot/node_modules/protodef/src/utils.js:70:5)
    at Object.readVarInt [as varint] (/Users/inh/Desktop/lab/inhGraphics/bot/node_modules/protodef/src/datatypes/varint.js:19:40)
    at Object.string (eval at compile (/Users/inh/Desktop/lab/inhGraphics/bot/node_modules/protodef/src/compiler.js:262:12), <anonymous>:104:61)
    at eval (eval at compile (/Users/inh/Desktop/lab/inhGraphics/bot/node_modules/protodef/src/compiler.js:262:12), <anonymous>:429:53)
    at eval (eval at compile (/Users/inh/Desktop/lab/inhGraphics/bot/node_modules/protodef/src/compiler.js:262:12), <anonymous>:433:15)
    at eval (eval at compile (/Users/inh/Desktop/lab/inhGraphics/bot/node_modules/protodef/src/compiler.js:262:12), <anonymous>:435:13)
    at Object.SlotComponent (eval at compile (/Users/inh/Desktop/lab/inhGraphics/bot/node_modules/protodef/src/compiler.js:262:12), <anonymous>:720:9)
    at eval (eval at compile (/Users/inh/Desktop/lab/inhGraphics/bot/node_modules/protodef/src/compiler.js:262:12), <anonymous>:957:49)
    at eval (eval at compile (/Users/inh/Desktop/lab/inhGraphics/bot/node_modules/protodef/src/compiler.js:262:12), <anonymous>:962:15)
PartialReadError: Read error for undefined : Unexpected buffer end while reading VarInt
    at new ExtendableError (/Users/inh/Desktop/lab/inhGraphics/bot/node_modules/protodef/src/utils.js:63:13)
    at new PartialReadError (/Users/inh/Desktop/lab/inhGraphics/bot/node_modules/protodef/src/utils.js:70:5)
    at Object.readVarInt [as varint] (/Users/inh/Desktop/lab/inhGraphics/bot/node_modules/protodef/src/datatypes/varint.js:19:40)
    at Object.string (eval at compile (/Users/inh/Desktop/lab/inhGraphics/bot/node_modules/protodef/src/compiler.js:262:12), <anonymous>:104:61)
    at eval (eval at compile (/Users/inh/Desktop/lab/inhGraphics/bot/node_modules/protodef/src/compiler.js:262:12), <anonymous>:429:53)
    at eval (eval at compile (/Users/inh/Desktop/lab/inhGraphics/bot/node_modules/protodef/src/compiler.js:262:12), <anonymous>:433:15)
    at eval (eval at compile (/Users/inh/Desktop/lab/inhGraphics/bot/node_modules/protodef/src/compiler.js:262:12), <anonymous>:435:13)
    at Object.SlotComponent (eval at compile (/Users/inh/Desktop/lab/inhGraphics/bot/node_modules/protodef/src/compiler.js:262:12), <anonymous>:720:9)
    at eval (eval at compile (/Users/inh/Desktop/lab/inhGraphics/bot/node_modules/protodef/src/compiler.js:262:12), <anonymous>:957:49)
    at eval (eval at compile (/Users/inh/Desktop/lab/inhGraphics/bot/node_modules/protodef/src/compiler.js:262:12), <anonymous>:962:15)
[GAMEEVENT] reason=13 value=0
[GAMEEVENT] reason=11 value=0
PartialReadError: Read error for undefined : Unexpected buffer end while reading VarInt
    at new ExtendableError (/Users/inh/Desktop/lab/inhGraphics/bot/node_modules/protodef/src/utils.js:63:13)
    at new PartialReadError (/Users/inh/Desktop/lab/inhGraphics/bot/node_modules/protodef/src/utils.js:70:5)
    at Object.readVarInt [as varint] (/Users/inh/Desktop/lab/inhGraphics/bot/node_modules/protodef/src/datatypes/varint.js:19:40)
    at Object.string (eval at compile (/Users/inh/Desktop/lab/inhGraphics/bot/node_modules/protodef/src/compiler.js:262:12), <anonymous>:104:61)
    at eval (eval at compile (/Users/inh/Desktop/lab/inhGraphics/bot/node_modules/protodef/src/compiler.js:262:12), <anonymous>:429:53)
    at eval (eval at compile (/Users/inh/Desktop/lab/inhGraphics/bot/node_modules/protodef/src/compiler.js:262:12), <anonymous>:433:15)
    at eval (eval at compile (/Users/inh/Desktop/lab/inhGraphics/bot/node_modules/protodef/src/compiler.js:262:12), <anonymous>:435:13)
    at Object.SlotComponent (eval at compile (/Users/inh/Desktop/lab/inhGraphics/bot/node_modules/protodef/src/compiler.js:262:12), <anonymous>:720:9)
    at eval (eval at compile (/Users/inh/Desktop/lab/inhGraphics/bot/node_modules/protodef/src/compiler.js:262:12), <anonymous>:957:49)
    at eval (eval at compile (/Users/inh/Desktop/lab/inhGraphics/bot/node_modules/protodef/src/compiler.js:262:12), <anonymous>:962:15)
PartialReadError: Read error for undefined : Unexpected buffer end while reading VarInt
    at new ExtendableError (/Users/inh/Desktop/lab/inhGraphics/bot/node_modules/protodef/src/utils.js:63:13)
    at new PartialReadError (/Users/inh/Desktop/lab/inhGraphics/bot/node_modules/protodef/src/utils.js:70:5)
    at Object.readVarInt [as varint] (/Users/inh/Desktop/lab/inhGraphics/bot/node_modules/protodef/src/datatypes/varint.js:19:40)
    at Object.string (eval at compile (/Users/inh/Desktop/lab/inhGraphics/bot/node_modules/protodef/src/compiler.js:262:12), <anonymous>:104:61)
    at eval (eval at compile (/Users/inh/Desktop/lab/inhGraphics/bot/node_modules/protodef/src/compiler.js:262:12), <anonymous>:429:53)
    at eval (eval at compile (/Users/inh/Desktop/lab/inhGraphics/bot/node_modules/protodef/src/compiler.js:262:12), <anonymous>:433:15)
    at eval (eval at compile (/Users/inh/Desktop/lab/inhGraphics/bot/node_modules/protodef/src/compiler.js:262:12), <anonymous>:435:13)
    at Object.SlotComponent (eval at compile (/Users/inh/Desktop/lab/inhGraphics/bot/node_modules/protodef/src/compiler.js:262:12), <anonymous>:720:9)
    at eval (eval at compile (/Users/inh/Desktop/lab/inhGraphics/bot/node_modules/protodef/src/compiler.js:262:12), <anonymous>:957:49)
    at eval (eval at compile (/Users/inh/Desktop/lab/inhGraphics/bot/node_modules/protodef/src/compiler.js:262:12), <anonymous>:962:15)
PartialReadError: Read error for undefined : Unexpected buffer end while reading VarInt
    at new ExtendableError (/Users/inh/Desktop/lab/inhGraphics/bot/node_modules/protodef/src/utils.js:63:13)
    at new PartialReadError (/Users/inh/Desktop/lab/inhGraphics/bot/node_modules/protodef/src/utils.js:70:5)
    at Object.readVarInt [as varint] (/Users/inh/Desktop/lab/inhGraphics/bot/node_modules/protodef/src/datatypes/varint.js:19:40)
    at Object.string (eval at compile (/Users/inh/Desktop/lab/inhGraphics/bot/node_modules/protodef/src/compiler.js:262:12), <anonymous>:104:61)
    at eval (eval at compile (/Users/inh/Desktop/lab/inhGraphics/bot/node_modules/protodef/src/compiler.js:262:12), <anonymous>:429:53)
    at eval (eval at compile (/Users/inh/Desktop/lab/inhGraphics/bot/node_modules/protodef/src/compiler.js:262:12), <anonymous>:433:15)
    at eval (eval at compile (/Users/inh/Desktop/lab/inhGraphics/bot/node_modules/protodef/src/compiler.js:262:12), <anonymous>:435:13)
    at Object.SlotComponent (eval at compile (/Users/inh/Desktop/lab/inhGraphics/bot/node_modules/protodef/src/compiler.js:262:12), <anonymous>:720:9)
    at eval (eval at compile (/Users/inh/Desktop/lab/inhGraphics/bot/node_modules/protodef/src/compiler.js:262:12), <anonymous>:957:49)
    at eval (eval at compile (/Users/inh/Desktop/lab/inhGraphics/bot/node_modules/protodef/src/compiler.js:262:12), <anonymous>:962:15)
PartialReadError: Read error for undefined : Unexpected buffer end while reading VarInt
    at new ExtendableError (/Users/inh/Desktop/lab/inhGraphics/bot/node_modules/protodef/src/utils.js:63:13)
    at new PartialReadError (/Users/inh/Desktop/lab/inhGraphics/bot/node_modules/protodef/src/utils.js:70:5)
    at Object.readVarInt [as varint] (/Users/inh/Desktop/lab/inhGraphics/bot/node_modules/protodef/src/datatypes/varint.js:19:40)
    at Object.string (eval at compile (/Users/inh/Desktop/lab/inhGraphics/bot/node_modules/protodef/src/compiler.js:262:12), <anonymous>:104:61)
    at eval (eval at compile (/Users/inh/Desktop/lab/inhGraphics/bot/node_modules/protodef/src/compiler.js:262:12), <anonymous>:429:53)
    at eval (eval at compile (/Users/inh/Desktop/lab/inhGraphics/bot/node_modules/protodef/src/compiler.js:262:12), <anonymous>:433:15)
    at eval (eval at compile (/Users/inh/Desktop/lab/inhGraphics/bot/node_modules/protodef/src/compiler.js:262:12), <anonymous>:435:13)
    at Object.SlotComponent (eval at compile (/Users/inh/Desktop/lab/inhGraphics/bot/node_modules/protodef/src/compiler.js:262:12), <anonymous>:720:9)
    at eval (eval at compile (/Users/inh/Desktop/lab/inhGraphics/bot/node_modules/protodef/src/compiler.js:262:12), <anonymous>:957:49)
    at eval (eval at compile (/Users/inh/Desktop/lab/inhGraphics/bot/node_modules/protodef/src/compiler.js:262:12), <anonymous>:962:15)
PartialReadError: Read error for undefined : Unexpected buffer end while reading VarInt
    at new ExtendableError (/Users/inh/Desktop/lab/inhGraphics/bot/node_modules/protodef/src/utils.js:63:13)
    at new PartialReadError (/Users/inh/Desktop/lab/inhGraphics/bot/node_modules/protodef/src/utils.js:70:5)
    at Object.readVarInt [as varint] (/Users/inh/Desktop/lab/inhGraphics/bot/node_modules/protodef/src/datatypes/varint.js:19:40)
    at Object.string (eval at compile (/Users/inh/Desktop/lab/inhGraphics/bot/node_modules/protodef/src/compiler.js:262:12), <anonymous>:104:61)
    at eval (eval at compile (/Users/inh/Desktop/lab/inhGraphics/bot/node_modules/protodef/src/compiler.js:262:12), <anonymous>:429:53)
    at eval (eval at compile (/Users/inh/Desktop/lab/inhGraphics/bot/node_modules/protodef/src/compiler.js:262:12), <anonymous>:433:15)
    at eval (eval at compile (/Users/inh/Desktop/lab/inhGraphics/bot/node_modules/protodef/src/compiler.js:262:12), <anonymous>:435:13)
    at Object.SlotComponent (eval at compile (/Users/inh/Desktop/lab/inhGraphics/bot/node_modules/protodef/src/compiler.js:262:12), <anonymous>:720:9)
    at eval (eval at compile (/Users/inh/Desktop/lab/inhGraphics/bot/node_modules/protodef/src/compiler.js:262:12), <anonymous>:957:49)
    at eval (eval at compile (/Users/inh/Desktop/lab/inhGraphics/bot/node_modules/protodef/src/compiler.js:262:12), <anonymous>:962:15)
PartialReadError: Read error for undefined : undefined
    at new ExtendableError (/Users/inh/Desktop/lab/inhGraphics/bot/node_modules/protodef/src/utils.js:63:13)
    at new PartialReadError (/Users/inh/Desktop/lab/inhGraphics/bot/node_modules/protodef/src/utils.js:70:5)
    at Object.readBool [as bool] (/Users/inh/Desktop/lab/inhGraphics/bot/node_modules/protodef/src/datatypes/utils.js:91:41)
    at eval (eval at compile (/Users/inh/Desktop/lab/inhGraphics/bot/node_modules/protodef/src/compiler.js:262:12), <anonymous>:427:35)
    at eval (eval at compile (/Users/inh/Desktop/lab/inhGraphics/bot/node_modules/protodef/src/compiler.js:262:12), <anonymous>:433:15)
    at eval (eval at compile (/Users/inh/Desktop/lab/inhGraphics/bot/node_modules/protodef/src/compiler.js:262:12), <anonymous>:435:13)
    at Object.SlotComponent (eval at compile (/Users/inh/Desktop/lab/inhGraphics/bot/node_modules/protodef/src/compiler.js:262:12), <anonymous>:720:9)
    at eval (eval at compile (/Users/inh/Desktop/lab/inhGraphics/bot/node_modules/protodef/src/compiler.js:262:12), <anonymous>:957:49)
    at eval (eval at compile (/Users/inh/Desktop/lab/inhGraphics/bot/node_modules/protodef/src/compiler.js:262:12), <anonymous>:962:15)
    at eval (eval at compile (/Users/inh/Desktop/lab/inhGraphics/bot/node_modules/protodef/src/compiler.js:262:12), <anonymous>:980:13)
PartialReadError: Read error for undefined : Unexpected buffer end while reading VarInt
    at new ExtendableError (/Users/inh/Desktop/lab/inhGraphics/bot/node_modules/protodef/src/utils.js:63:13)
    at new PartialReadError (/Users/inh/Desktop/lab/inhGraphics/bot/node_modules/protodef/src/utils.js:70:5)
    at Object.readVarInt [as varint] (/Users/inh/Desktop/lab/inhGraphics/bot/node_modules/protodef/src/datatypes/varint.js:19:40)
    at Object.string (eval at compile (/Users/inh/Desktop/lab/inhGraphics/bot/node_modules/protodef/src/compiler.js:262:12), <anonymous>:104:61)
    at eval (eval at compile (/Users/inh/Desktop/lab/inhGraphics/bot/node_modules/protodef/src/compiler.js:262:12), <anonymous>:429:53)
    at eval (eval at compile (/Users/inh/Desktop/lab/inhGraphics/bot/node_modules/protodef/src/compiler.js:262:12), <anonymous>:433:15)
    at eval (eval at compile (/Users/inh/Desktop/lab/inhGraphics/bot/node_modules/protodef/src/compiler.js:262:12), <anonymous>:435:13)
    at Object.SlotComponent (eval at compile (/Users/inh/Desktop/lab/inhGraphics/bot/node_modules/protodef/src/compiler.js:262:12), <anonymous>:720:9)
    at eval (eval at compile (/Users/inh/Desktop/lab/inhGraphics/bot/node_modules/protodef/src/compiler.js:262:12), <anonymous>:957:49)
    at eval (eval at compile (/Users/inh/Desktop/lab/inhGraphics/bot/node_modules/protodef/src/compiler.js:262:12), <anonymous>:962:15)
PartialReadError: Read error for undefined : Unexpected buffer end while reading VarInt
    at new ExtendableError (/Users/inh/Desktop/lab/inhGraphics/bot/node_modules/protodef/src/utils.js:63:13)
    at new PartialReadError (/Users/inh/Desktop/lab/inhGraphics/bot/node_modules/protodef/src/utils.js:70:5)
    at Object.readVarInt [as varint] (/Users/inh/Desktop/lab/inhGraphics/bot/node_modules/protodef/src/datatypes/varint.js:19:40)
    at Object.string (eval at compile (/Users/inh/Desktop/lab/inhGraphics/bot/node_modules/protodef/src/compiler.js:262:12), <anonymous>:104:61)
    at eval (eval at compile (/Users/inh/Desktop/lab/inhGraphics/bot/node_modules/protodef/src/compiler.js:262:12), <anonymous>:429:53)
    at eval (eval at compile (/Users/inh/Desktop/lab/inhGraphics/bot/node_modules/protodef/src/compiler.js:262:12), <anonymous>:433:15)
    at eval (eval at compile (/Users/inh/Desktop/lab/inhGraphics/bot/node_modules/protodef/src/compiler.js:262:12), <anonymous>:435:13)
    at Object.SlotComponent (eval at compile (/Users/inh/Desktop/lab/inhGraphics/bot/node_modules/protodef/src/compiler.js:262:12), <anonymous>:720:9)
    at eval (eval at compile (/Users/inh/Desktop/lab/inhGraphics/bot/node_modules/protodef/src/compiler.js:262:12), <anonymous>:957:49)
    at eval (eval at compile (/Users/inh/Desktop/lab/inhGraphics/bot/node_modules/protodef/src/compiler.js:262:12), <anonymous>:962:15)
[GAMEEVENT] reason=13 value=0
[GAMEEVENT] reason=11 value=0
PartialReadError: Read error for undefined : undefined
    at new ExtendableError (/Users/inh/Desktop/lab/inhGraphics/bot/node_modules/protodef/src/utils.js:63:13)
    at new PartialReadError (/Users/inh/Desktop/lab/inhGraphics/bot/node_modules/protodef/src/utils.js:70:5)
    at Object.readBool [as bool] (/Users/inh/Desktop/lab/inhGraphics/bot/node_modules/protodef/src/datatypes/utils.js:91:41)
    at eval (eval at compile (/Users/inh/Desktop/lab/inhGraphics/bot/node_modules/protodef/src/compiler.js:262:12), <anonymous>:427:35)
    at eval (eval at compile (/Users/inh/Desktop/lab/inhGraphics/bot/node_modules/protodef/src/compiler.js:262:12), <anonymous>:433:15)
    at eval (eval at compile (/Users/inh/Desktop/lab/inhGraphics/bot/node_modules/protodef/src/compiler.js:262:12), <anonymous>:435:13)
    at Object.SlotComponent (eval at compile (/Users/inh/Desktop/lab/inhGraphics/bot/node_modules/protodef/src/compiler.js:262:12), <anonymous>:720:9)
    at eval (eval at compile (/Users/inh/Desktop/lab/inhGraphics/bot/node_modules/protodef/src/compiler.js:262:12), <anonymous>:957:49)
    at eval (eval at compile (/Users/inh/Desktop/lab/inhGraphics/bot/node_modules/protodef/src/compiler.js:262:12), <anonymous>:962:15)
    at eval (eval at compile (/Users/inh/Desktop/lab/inhGraphics/bot/node_modules/protodef/src/compiler.js:262:12), <anonymous>:980:13)
PartialReadError: Read error for undefined : Unexpected buffer end while reading VarInt
    at new ExtendableError (/Users/inh/Desktop/lab/inhGraphics/bot/node_modules/protodef/src/utils.js:63:13)
    at new PartialReadError (/Users/inh/Desktop/lab/inhGraphics/bot/node_modules/protodef/src/utils.js:70:5)
    at Object.readVarInt [as varint] (/Users/inh/Desktop/lab/inhGraphics/bot/node_modules/protodef/src/datatypes/varint.js:19:40)
    at Object.string (eval at compile (/Users/inh/Desktop/lab/inhGraphics/bot/node_modules/protodef/src/compiler.js:262:12), <anonymous>:104:61)
    at eval (eval at compile (/Users/inh/Desktop/lab/inhGraphics/bot/node_modules/protodef/src/compiler.js:262:12), <anonymous>:429:53)
    at eval (eval at compile (/Users/inh/Desktop/lab/inhGraphics/bot/node_modules/protodef/src/compiler.js:262:12), <anonymous>:433:15)
    at eval (eval at compile (/Users/inh/Desktop/lab/inhGraphics/bot/node_modules/protodef/src/compiler.js:262:12), <anonymous>:435:13)
    at Object.SlotComponent (eval at compile (/Users/inh/Desktop/lab/inhGraphics/bot/node_modules/protodef/src/compiler.js:262:12), <anonymous>:720:9)
    at eval (eval at compile (/Users/inh/Desktop/lab/inhGraphics/bot/node_modules/protodef/src/compiler.js:262:12), <anonymous>:957:49)
    at eval (eval at compile (/Users/inh/Desktop/lab/inhGraphics/bot/node_modules/protodef/src/compiler.js:262:12), <anonymous>:962:15)
PartialReadError: Read error for undefined : Unexpected buffer end while reading VarInt
    at new ExtendableError (/Users/inh/Desktop/lab/inhGraphics/bot/node_modules/protodef/src/utils.js:63:13)
    at new PartialReadError (/Users/inh/Desktop/lab/inhGraphics/bot/node_modules/protodef/src/utils.js:70:5)
    at Object.readVarInt [as varint] (/Users/inh/Desktop/lab/inhGraphics/bot/node_modules/protodef/src/datatypes/varint.js:19:40)
    at Object.string (eval at compile (/Users/inh/Desktop/lab/inhGraphics/bot/node_modules/protodef/src/compiler.js:262:12), <anonymous>:104:61)
    at eval (eval at compile (/Users/inh/Desktop/lab/inhGraphics/bot/node_modules/protodef/src/compiler.js:262:12), <anonymous>:429:53)
    at eval (eval at compile (/Users/inh/Desktop/lab/inhGraphics/bot/node_modules/protodef/src/compiler.js:262:12), <anonymous>:433:15)
    at eval (eval at compile (/Users/inh/Desktop/lab/inhGraphics/bot/node_modules/protodef/src/compiler.js:262:12), <anonymous>:435:13)
    at Object.SlotComponent (eval at compile (/Users/inh/Desktop/lab/inhGraphics/bot/node_modules/protodef/src/compiler.js:262:12), <anonymous>:720:9)
    at eval (eval at compile (/Users/inh/Desktop/lab/inhGraphics/bot/node_modules/protodef/src/compiler.js:262:12), <anonymous>:957:49)
    at eval (eval at compile (/Users/inh/Desktop/lab/inhGraphics/bot/node_modules/protodef/src/compiler.js:262:12), <anonymous>:962:15)
PartialReadError: Read error for undefined : Unexpected buffer end while reading VarInt
    at new ExtendableError (/Users/inh/Desktop/lab/inhGraphics/bot/node_modules/protodef/src/utils.js:63:13)
    at new PartialReadError (/Users/inh/Desktop/lab/inhGraphics/bot/node_modules/protodef/src/utils.js:70:5)
    at Object.readVarInt [as varint] (/Users/inh/Desktop/lab/inhGraphics/bot/node_modules/protodef/src/datatypes/varint.js:19:40)
    at Object.string (eval at compile (/Users/inh/Desktop/lab/inhGraphics/bot/node_modules/protodef/src/compiler.js:262:12), <anonymous>:104:61)
    at eval (eval at compile (/Users/inh/Desktop/lab/inhGraphics/bot/node_modules/protodef/src/compiler.js:262:12), <anonymous>:429:53)
    at eval (eval at compile (/Users/inh/Desktop/lab/inhGraphics/bot/node_modules/protodef/src/compiler.js:262:12), <anonymous>:433:15)
    at eval (eval at compile (/Users/inh/Desktop/lab/inhGraphics/bot/node_modules/protodef/src/compiler.js:262:12), <anonymous>:435:13)
    at Object.SlotComponent (eval at compile (/Users/inh/Desktop/lab/inhGraphics/bot/node_modules/protodef/src/compiler.js:262:12), <anonymous>:720:9)
    at eval (eval at compile (/Users/inh/Desktop/lab/inhGraphics/bot/node_modules/protodef/src/compiler.js:262:12), <anonymous>:957:49)
    at eval (eval at compile (/Users/inh/Desktop/lab/inhGraphics/bot/node_modules/protodef/src/compiler.js:262:12), <anonymous>:962:15)
PartialReadError: Read error for undefined : Unexpected buffer end while reading VarInt
    at new ExtendableError (/Users/inh/Desktop/lab/inhGraphics/bot/node_modules/protodef/src/utils.js:63:13)
    at new PartialReadError (/Users/inh/Desktop/lab/inhGraphics/bot/node_modules/protodef/src/utils.js:70:5)
    at Object.readVarInt [as varint] (/Users/inh/Desktop/lab/inhGraphics/bot/node_modules/protodef/src/datatypes/varint.js:19:40)
    at Object.string (eval at compile (/Users/inh/Desktop/lab/inhGraphics/bot/node_modules/protodef/src/compiler.js:262:12), <anonymous>:104:61)
    at eval (eval at compile (/Users/inh/Desktop/lab/inhGraphics/bot/node_modules/protodef/src/compiler.js:262:12), <anonymous>:429:53)
    at eval (eval at compile (/Users/inh/Desktop/lab/inhGraphics/bot/node_modules/protodef/src/compiler.js:262:12), <anonymous>:433:15)
    at eval (eval at compile (/Users/inh/Desktop/lab/inhGraphics/bot/node_modules/protodef/src/compiler.js:262:12), <anonymous>:435:13)
    at Object.SlotComponent (eval at compile (/Users/inh/Desktop/lab/inhGraphics/bot/node_modules/protodef/src/compiler.js:262:12), <anonymous>:720:9)
    at eval (eval at compile (/Users/inh/Desktop/lab/inhGraphics/bot/node_modules/protodef/src/compiler.js:262:12), <anonymous>:957:49)
    at eval (eval at compile (/Users/inh/Desktop/lab/inhGraphics/bot/node_modules/protodef/src/compiler.js:262:12), <anonymous>:962:15)
PartialReadError: Read error for undefined : undefined
    at new ExtendableError (/Users/inh/Desktop/lab/inhGraphics/bot/node_modules/protodef/src/utils.js:63:13)
    at new PartialReadError (/Users/inh/Desktop/lab/inhGraphics/bot/node_modules/protodef/src/utils.js:70:5)
    at Object.readBool [as bool] (/Users/inh/Desktop/lab/inhGraphics/bot/node_modules/protodef/src/datatypes/utils.js:91:41)
    at eval (eval at compile (/Users/inh/Desktop/lab/inhGraphics/bot/node_modules/protodef/src/compiler.js:262:12), <anonymous>:427:35)
    at eval (eval at compile (/Users/inh/Desktop/lab/inhGraphics/bot/node_modules/protodef/src/compiler.js:262:12), <anonymous>:433:15)
    at eval (eval at compile (/Users/inh/Desktop/lab/inhGraphics/bot/node_modules/protodef/src/compiler.js:262:12), <anonymous>:435:13)
    at Object.SlotComponent (eval at compile (/Users/inh/Desktop/lab/inhGraphics/bot/node_modules/protodef/src/compiler.js:262:12), <anonymous>:720:9)
    at eval (eval at compile (/Users/inh/Desktop/lab/inhGraphics/bot/node_modules/protodef/src/compiler.js:262:12), <anonymous>:957:49)
    at eval (eval at compile (/Users/inh/Desktop/lab/inhGraphics/bot/node_modules/protodef/src/compiler.js:262:12), <anonymous>:962:15)
    at eval (eval at compile (/Users/inh/Desktop/lab/inhGraphics/bot/node_modules/protodef/src/compiler.js:262:12), <anonymous>:980:13)
PartialReadError: Read error for undefined : Unexpected buffer end while reading VarInt
    at new ExtendableError (/Users/inh/Desktop/lab/inhGraphics/bot/node_modules/protodef/src/utils.js:63:13)
    at new PartialReadError (/Users/inh/Desktop/lab/inhGraphics/bot/node_modules/protodef/src/utils.js:70:5)
    at Object.readVarInt [as varint] (/Users/inh/Desktop/lab/inhGraphics/bot/node_modules/protodef/src/datatypes/varint.js:19:40)
    at Object.string (eval at compile (/Users/inh/Desktop/lab/inhGraphics/bot/node_modules/protodef/src/compiler.js:262:12), <anonymous>:104:61)
    at eval (eval at compile (/Users/inh/Desktop/lab/inhGraphics/bot/node_modules/protodef/src/compiler.js:262:12), <anonymous>:429:53)
    at eval (eval at compile (/Users/inh/Desktop/lab/inhGraphics/bot/node_modules/protodef/src/compiler.js:262:12), <anonymous>:433:15)
    at eval (eval at compile (/Users/inh/Desktop/lab/inhGraphics/bot/node_modules/protodef/src/compiler.js:262:12), <anonymous>:435:13)
    at Object.SlotComponent (eval at compile (/Users/inh/Desktop/lab/inhGraphics/bot/node_modules/protodef/src/compiler.js:262:12), <anonymous>:720:9)
    at eval (eval at compile (/Users/inh/Desktop/lab/inhGraphics/bot/node_modules/protodef/src/compiler.js:262:12), <anonymous>:957:49)
    at eval (eval at compile (/Users/inh/Desktop/lab/inhGraphics/bot/node_modules/protodef/src/compiler.js:262:12), <anonymous>:962:15)
PartialReadError: Read error for undefined : Unexpected buffer end while reading VarInt
    at new ExtendableError (/Users/inh/Desktop/lab/inhGraphics/bot/node_modules/protodef/src/utils.js:63:13)
    at new PartialReadError (/Users/inh/Desktop/lab/inhGraphics/bot/node_modules/protodef/src/utils.js:70:5)
    at Object.readVarInt [as varint] (/Users/inh/Desktop/lab/inhGraphics/bot/node_modules/protodef/src/datatypes/varint.js:19:40)
    at Object.string (eval at compile (/Users/inh/Desktop/lab/inhGraphics/bot/node_modules/protodef/src/compiler.js:262:12), <anonymous>:104:61)
    at eval (eval at compile (/Users/inh/Desktop/lab/inhGraphics/bot/node_modules/protodef/src/compiler.js:262:12), <anonymous>:429:53)
    at eval (eval at compile (/Users/inh/Desktop/lab/inhGraphics/bot/node_modules/protodef/src/compiler.js:262:12), <anonymous>:433:15)
    at eval (eval at compile (/Users/inh/Desktop/lab/inhGraphics/bot/node_modules/protodef/src/compiler.js:262:12), <anonymous>:435:13)
    at Object.SlotComponent (eval at compile (/Users/inh/Desktop/lab/inhGraphics/bot/node_modules/protodef/src/compiler.js:262:12), <anonymous>:720:9)
    at eval (eval at compile (/Users/inh/Desktop/lab/inhGraphics/bot/node_modules/protodef/src/compiler.js:262:12), <anonymous>:957:49)
    at eval (eval at compile (/Users/inh/Desktop/lab/inhGraphics/bot/node_modules/protodef/src/compiler.js:262:12), <anonymous>:962:15)
PartialReadError: Read error for undefined : undefined
    at new ExtendableError (/Users/inh/Desktop/lab/inhGraphics/bot/node_modules/protodef/src/utils.js:63:13)
    at new PartialReadError (/Users/inh/Desktop/lab/inhGraphics/bot/node_modules/protodef/src/utils.js:70:5)
    at Object.readBool [as bool] (/Users/inh/Desktop/lab/inhGraphics/bot/node_modules/protodef/src/datatypes/utils.js:91:41)
    at eval (eval at compile (/Users/inh/Desktop/lab/inhGraphics/bot/node_modules/protodef/src/compiler.js:262:12), <anonymous>:427:35)
    at eval (eval at compile (/Users/inh/Desktop/lab/inhGraphics/bot/node_modules/protodef/src/compiler.js:262:12), <anonymous>:433:15)
    at eval (eval at compile (/Users/inh/Desktop/lab/inhGraphics/bot/node_modules/protodef/src/compiler.js:262:12), <anonymous>:435:13)
    at Object.SlotComponent (eval at compile (/Users/inh/Desktop/lab/inhGraphics/bot/node_modules/protodef/src/compiler.js:262:12), <anonymous>:720:9)
    at eval (eval at compile (/Users/inh/Desktop/lab/inhGraphics/bot/node_modules/protodef/src/compiler.js:262:12), <anonymous>:957:49)
    at eval (eval at compile (/Users/inh/Desktop/lab/inhGraphics/bot/node_modules/protodef/src/compiler.js:262:12), <anonymous>:962:15)
    at eval (eval at compile (/Users/inh/Desktop/lab/inhGraphics/bot/node_modules/protodef/src/compiler.js:262:12), <anonymous>:980:13)
[GAMEEVENT] reason=13 value=0
[GAMEEVENT] reason=11 value=0
PartialReadError: Read error for undefined : undefined
    at new ExtendableError (/Users/inh/Desktop/lab/inhGraphics/bot/node_modules/protodef/src/utils.js:63:13)
    at new PartialReadError (/Users/inh/Desktop/lab/inhGraphics/bot/node_modules/protodef/src/utils.js:70:5)
    at Object.readBool [as bool] (/Users/inh/Desktop/lab/inhGraphics/bot/node_modules/protodef/src/datatypes/utils.js:91:41)
    at eval (eval at compile (/Users/inh/Desktop/lab/inhGraphics/bot/node_modules/protodef/src/compiler.js:262:12), <anonymous>:427:35)
    at eval (eval at compile (/Users/inh/Desktop/lab/inhGraphics/bot/node_modules/protodef/src/compiler.js:262:12), <anonymous>:433:15)
    at eval (eval at compile (/Users/inh/Desktop/lab/inhGraphics/bot/node_modules/protodef/src/compiler.js:262:12), <anonymous>:435:13)
    at Object.SlotComponent (eval at compile (/Users/inh/Desktop/lab/inhGraphics/bot/node_modules/protodef/src/compiler.js:262:12), <anonymous>:720:9)
    at eval (eval at compile (/Users/inh/Desktop/lab/inhGraphics/bot/node_modules/protodef/src/compiler.js:262:12), <anonymous>:957:49)
    at eval (eval at compile (/Users/inh/Desktop/lab/inhGraphics/bot/node_modules/protodef/src/compiler.js:262:12), <anonymous>:962:15)
    at eval (eval at compile (/Users/inh/Desktop/lab/inhGraphics/bot/node_modules/protodef/src/compiler.js:262:12), <anonymous>:980:13)
PartialReadError: Read error for undefined : undefined
    at new ExtendableError (/Users/inh/Desktop/lab/inhGraphics/bot/node_modules/protodef/src/utils.js:63:13)
    at new PartialReadError (/Users/inh/Desktop/lab/inhGraphics/bot/node_modules/protodef/src/utils.js:70:5)
    at Object.readBool [as bool] (/Users/inh/Desktop/lab/inhGraphics/bot/node_modules/protodef/src/datatypes/utils.js:91:41)
    at eval (eval at compile (/Users/inh/Desktop/lab/inhGraphics/bot/node_modules/protodef/src/compiler.js:262:12), <anonymous>:427:35)
    at eval (eval at compile (/Users/inh/Desktop/lab/inhGraphics/bot/node_modules/protodef/src/compiler.js:262:12), <anonymous>:433:15)
    at eval (eval at compile (/Users/inh/Desktop/lab/inhGraphics/bot/node_modules/protodef/src/compiler.js:262:12), <anonymous>:435:13)
    at Object.SlotComponent (eval at compile (/Users/inh/Desktop/lab/inhGraphics/bot/node_modules/protodef/src/compiler.js:262:12), <anonymous>:720:9)
    at eval (eval at compile (/Users/inh/Desktop/lab/inhGraphics/bot/node_modules/protodef/src/compiler.js:262:12), <anonymous>:957:49)
    at eval (eval at compile (/Users/inh/Desktop/lab/inhGraphics/bot/node_modules/protodef/src/compiler.js:262:12), <anonymous>:962:15)
    at eval (eval at compile (/Users/inh/Desktop/lab/inhGraphics/bot/node_modules/protodef/src/compiler.js:262:12), <anonymous>:980:13)
PartialReadError: Read error for undefined : undefined
    at new ExtendableError (/Users/inh/Desktop/lab/inhGraphics/bot/node_modules/protodef/src/utils.js:63:13)
    at new PartialReadError (/Users/inh/Desktop/lab/inhGraphics/bot/node_modules/protodef/src/utils.js:70:5)
    at Object.readBool [as bool] (/Users/inh/Desktop/lab/inhGraphics/bot/node_modules/protodef/src/datatypes/utils.js:91:41)
    at eval (eval at compile (/Users/inh/Desktop/lab/inhGraphics/bot/node_modules/protodef/src/compiler.js:262:12), <anonymous>:427:35)
    at eval (eval at compile (/Users/inh/Desktop/lab/inhGraphics/bot/node_modules/protodef/src/compiler.js:262:12), <anonymous>:433:15)
    at eval (eval at compile (/Users/inh/Desktop/lab/inhGraphics/bot/node_modules/protodef/src/compiler.js:262:12), <anonymous>:435:13)
    at Object.SlotComponent (eval at compile (/Users/inh/Desktop/lab/inhGraphics/bot/node_modules/protodef/src/compiler.js:262:12), <anonymous>:720:9)
    at eval (eval at compile (/Users/inh/Desktop/lab/inhGraphics/bot/node_modules/protodef/src/compiler.js:262:12), <anonymous>:957:49)
    at eval (eval at compile (/Users/inh/Desktop/lab/inhGraphics/bot/node_modules/protodef/src/compiler.js:262:12), <anonymous>:962:15)
    at eval (eval at compile (/Users/inh/Desktop/lab/inhGraphics/bot/node_modules/protodef/src/compiler.js:262:12), <anonymous>:980:13)
PartialReadError: Read error for undefined : Unexpected buffer end while reading VarInt
    at new ExtendableError (/Users/inh/Desktop/lab/inhGraphics/bot/node_modules/protodef/src/utils.js:63:13)
    at new PartialReadError (/Users/inh/Desktop/lab/inhGraphics/bot/node_modules/protodef/src/utils.js:70:5)
    at Object.readVarInt [as varint] (/Users/inh/Desktop/lab/inhGraphics/bot/node_modules/protodef/src/datatypes/varint.js:19:40)
    at Object.string (eval at compile (/Users/inh/Desktop/lab/inhGraphics/bot/node_modules/protodef/src/compiler.js:262:12), <anonymous>:104:61)
    at eval (eval at compile (/Users/inh/Desktop/lab/inhGraphics/bot/node_modules/protodef/src/compiler.js:262:12), <anonymous>:429:53)
    at eval (eval at compile (/Users/inh/Desktop/lab/inhGraphics/bot/node_modules/protodef/src/compiler.js:262:12), <anonymous>:433:15)
    at eval (eval at compile (/Users/inh/Desktop/lab/inhGraphics/bot/node_modules/protodef/src/compiler.js:262:12), <anonymous>:435:13)
    at Object.SlotComponent (eval at compile (/Users/inh/Desktop/lab/inhGraphics/bot/node_modules/protodef/src/compiler.js:262:12), <anonymous>:720:9)
    at eval (eval at compile (/Users/inh/Desktop/lab/inhGraphics/bot/node_modules/protodef/src/compiler.js:262:12), <anonymous>:957:49)
    at eval (eval at compile (/Users/inh/Desktop/lab/inhGraphics/bot/node_modules/protodef/src/compiler.js:262:12), <anonymous>:962:15)
PartialReadError: Read error for undefined : Unexpected buffer end while reading VarInt
    at new ExtendableError (/Users/inh/Desktop/lab/inhGraphics/bot/node_modules/protodef/src/utils.js:63:13)
    at new PartialReadError (/Users/inh/Desktop/lab/inhGraphics/bot/node_modules/protodef/src/utils.js:70:5)
    at Object.readVarInt [as varint] (/Users/inh/Desktop/lab/inhGraphics/bot/node_modules/protodef/src/datatypes/varint.js:19:40)
    at Object.string (eval at compile (/Users/inh/Desktop/lab/inhGraphics/bot/node_modules/protodef/src/compiler.js:262:12), <anonymous>:104:61)
    at eval (eval at compile (/Users/inh/Desktop/lab/inhGraphics/bot/node_modules/protodef/src/compiler.js:262:12), <anonymous>:429:53)
    at eval (eval at compile (/Users/inh/Desktop/lab/inhGraphics/bot/node_modules/protodef/src/compiler.js:262:12), <anonymous>:433:15)
    at eval (eval at compile (/Users/inh/Desktop/lab/inhGraphics/bot/node_modules/protodef/src/compiler.js:262:12), <anonymous>:435:13)
    at Object.SlotComponent (eval at compile (/Users/inh/Desktop/lab/inhGraphics/bot/node_modules/protodef/src/compiler.js:262:12), <anonymous>:720:9)
    at eval (eval at compile (/Users/inh/Desktop/lab/inhGraphics/bot/node_modules/protodef/src/compiler.js:262:12), <anonymous>:957:49)
    at eval (eval at compile (/Users/inh/Desktop/lab/inhGraphics/bot/node_modules/protodef/src/compiler.js:262:12), <anonymous>:962:15)
[GAMEEVENT] reason=13 value=0
[GAMEEVENT] reason=11 value=0
PartialReadError: Read error for undefined : undefined
    at new ExtendableError (/Users/inh/Desktop/lab/inhGraphics/bot/node_modules/protodef/src/utils.js:63:13)
    at new PartialReadError (/Users/inh/Desktop/lab/inhGraphics/bot/node_modules/protodef/src/utils.js:70:5)
    at Object.readBool [as bool] (/Users/inh/Desktop/lab/inhGraphics/bot/node_modules/protodef/src/datatypes/utils.js:91:41)
    at eval (eval at compile (/Users/inh/Desktop/lab/inhGraphics/bot/node_modules/protodef/src/compiler.js:262:12), <anonymous>:427:35)
    at eval (eval at compile (/Users/inh/Desktop/lab/inhGraphics/bot/node_modules/protodef/src/compiler.js:262:12), <anonymous>:433:15)
    at eval (eval at compile (/Users/inh/Desktop/lab/inhGraphics/bot/node_modules/protodef/src/compiler.js:262:12), <anonymous>:435:13)
    at Object.SlotComponent (eval at compile (/Users/inh/Desktop/lab/inhGraphics/bot/node_modules/protodef/src/compiler.js:262:12), <anonymous>:720:9)
    at eval (eval at compile (/Users/inh/Desktop/lab/inhGraphics/bot/node_modules/protodef/src/compiler.js:262:12), <anonymous>:957:49)
    at eval (eval at compile (/Users/inh/Desktop/lab/inhGraphics/bot/node_modules/protodef/src/compiler.js:262:12), <anonymous>:962:15)
    at eval (eval at compile (/Users/inh/Desktop/lab/inhGraphics/bot/node_modules/protodef/src/compiler.js:262:12), <anonymous>:980:13)
